[INFO] Scanning for projects...
[INFO] 
[INFO] --------------------------< org.example:udf >---------------------------
[INFO] Building udf 1.0-SNAPSHOT
[INFO]   from pom.xml
[INFO] --------------------------------[ jar ]---------------------------------
Downloading from central: https://repo.maven.apache.org/maven2/com/fasterxml/jackson/core/jackson-annotations/2.9.4/jackson-annotations-2.9.4.pom
Downloaded from central: https://repo.maven.apache.org/maven2/com/fasterxml/jackson/core/jackson-annotations/2.9.4/jackson-annotations-2.9.4.pom (0 B at 0 B/s)
[INFO] 
[INFO] --- maven-clean-plugin:2.5:clean (default-clean) @ udf ---
[INFO] Deleting /opt/coding/starrocks-udf/target
[INFO] 
[INFO] --- maven-resources-plugin:2.6:resources (default-resources) @ udf ---
[WARNING] Using platform encoding (UTF-8 actually) to copy filtered resources, i.e. build is platform dependent!
[INFO] Copying 0 resource
[INFO] 
[INFO] --- maven-compiler-plugin:3.1:compile (default-compile) @ udf ---
[INFO] Changes detected - recompiling the module!
[WARNING] File encoding has not been set, using platform encoding UTF-8, i.e. build is platform dependent!
[INFO] Compiling 5 source files to /opt/coding/starrocks-udf/target/classes
[INFO] 
[INFO] --- maven-resources-plugin:2.6:testResources (default-testResources) @ udf ---
[WARNING] Using platform encoding (UTF-8 actually) to copy filtered resources, i.e. build is platform dependent!
[INFO] skip non existing resourceDirectory /opt/coding/starrocks-udf/src/test/resources
[INFO] 
[INFO] --- maven-compiler-plugin:3.1:testCompile (default-testCompile) @ udf ---
[INFO] No sources to compile
[INFO] 
[INFO] --- maven-surefire-plugin:2.12.4:test (default-test) @ udf ---
[INFO] No tests to run.
[INFO] 
[INFO] --- maven-jar-plugin:2.4:jar (default-jar) @ udf ---
[INFO] Building jar: /opt/coding/starrocks-udf/target/udf-1.0-SNAPSHOT.jar
[INFO] 
[INFO] --- maven-dependency-plugin:2.10:copy-dependencies (copy-dependencies) @ udf ---
[INFO] Copying kerb-simplekdc-1.0.1.jar to /opt/coding/starrocks-udf/target/lib/kerb-simplekdc-1.0.1.jar
[INFO] Copying netty-3.7.0.Final.jar to /opt/coding/starrocks-udf/target/lib/netty-3.7.0.Final.jar
[INFO] Copying hadoop-annotations-3.1.0.jar to /opt/coding/starrocks-udf/target/lib/hadoop-annotations-3.1.0.jar
[INFO] Copying protobuf-java-2.5.0.jar to /opt/coding/starrocks-udf/target/lib/protobuf-java-2.5.0.jar
[INFO] Copying aopalliance-1.0.jar to /opt/coding/starrocks-udf/target/lib/aopalliance-1.0.jar
[INFO] Copying hive-shims-common-3.1.3.jar to /opt/coding/starrocks-udf/target/lib/hive-shims-common-3.1.3.jar
[INFO] Copying commons-beanutils-1.9.3.jar to /opt/coding/starrocks-udf/target/lib/commons-beanutils-1.9.3.jar
[INFO] Copying guice-4.0.jar to /opt/coding/starrocks-udf/target/lib/guice-4.0.jar
[INFO] Copying kerb-core-1.0.1.jar to /opt/coding/starrocks-udf/target/lib/kerb-core-1.0.1.jar
[INFO] Copying joda-time-2.8.1.jar to /opt/coding/starrocks-udf/target/lib/joda-time-2.8.1.jar
[INFO] Copying orc-core-1.5.8.jar to /opt/coding/starrocks-udf/target/lib/orc-core-1.5.8.jar
[INFO] Copying calcite-linq4j-1.16.0.jar to /opt/coding/starrocks-udf/target/lib/calcite-linq4j-1.16.0.jar
[INFO] Copying esri-geometry-api-2.0.0.jar to /opt/coding/starrocks-udf/target/lib/esri-geometry-api-2.0.0.jar
[INFO] Copying fst-2.50.jar to /opt/coding/starrocks-udf/target/lib/fst-2.50.jar
[INFO] Copying jackson-mapper-asl-1.9.2.jar to /opt/coding/starrocks-udf/target/lib/jackson-mapper-asl-1.9.2.jar
[INFO] Copying leveldbjni-all-1.8.jar to /opt/coding/starrocks-udf/target/lib/leveldbjni-all-1.8.jar
[INFO] Copying hive-exec-3.1.3.jar to /opt/coding/starrocks-udf/target/lib/hive-exec-3.1.3.jar
[INFO] Copying hive-common-3.1.3.jar to /opt/coding/starrocks-udf/target/lib/hive-common-3.1.3.jar
[INFO] Copying htrace-core4-4.1.0-incubating.jar to /opt/coding/starrocks-udf/target/lib/htrace-core4-4.1.0-incubating.jar
[INFO] Copying commons-codec-1.15.jar to /opt/coding/starrocks-udf/target/lib/commons-codec-1.15.jar
[INFO] Copying kerb-util-1.0.1.jar to /opt/coding/starrocks-udf/target/lib/kerb-util-1.0.1.jar
[INFO] Copying commons-compress-1.19.jar to /opt/coding/starrocks-udf/target/lib/commons-compress-1.19.jar
[INFO] Copying commons-dbcp-1.4.jar to /opt/coding/starrocks-udf/target/lib/commons-dbcp-1.4.jar
[INFO] Copying hive-service-rpc-3.1.3.jar to /opt/coding/starrocks-udf/target/lib/hive-service-rpc-3.1.3.jar
[INFO] Copying dropwizard-metrics-hadoop-metrics2-reporter-0.1.2.jar to /opt/coding/starrocks-udf/target/lib/dropwizard-metrics-hadoop-metrics2-reporter-0.1.2.jar
[INFO] Copying jsr305-3.0.1.jar to /opt/coding/starrocks-udf/target/lib/jsr305-3.0.1.jar
[INFO] Copying hive-shims-3.1.3.jar to /opt/coding/starrocks-udf/target/lib/hive-shims-3.1.3.jar
[INFO] Copying log4j-core-2.17.1.jar to /opt/coding/starrocks-udf/target/lib/log4j-core-2.17.1.jar
[INFO] Copying calcite-core-1.16.0.jar to /opt/coding/starrocks-udf/target/lib/calcite-core-1.16.0.jar
[INFO] Copying kerby-xdr-1.0.1.jar to /opt/coding/starrocks-udf/target/lib/kerby-xdr-1.0.1.jar
[INFO] Copying ST4-4.0.4.jar to /opt/coding/starrocks-udf/target/lib/ST4-4.0.4.jar
[INFO] Copying hive-llap-common-3.1.3.jar to /opt/coding/starrocks-udf/target/lib/hive-llap-common-3.1.3.jar
[INFO] Copying jetty-xml-9.3.20.v20170531.jar to /opt/coding/starrocks-udf/target/lib/jetty-xml-9.3.20.v20170531.jar
[INFO] Copying json-io-2.5.1.jar to /opt/coding/starrocks-udf/target/lib/json-io-2.5.1.jar
[INFO] Copying avatica-1.11.0.jar to /opt/coding/starrocks-udf/target/lib/avatica-1.11.0.jar
[INFO] Copying memory-0.9.0.jar to /opt/coding/starrocks-udf/target/lib/memory-0.9.0.jar
[INFO] Copying hive-classification-3.1.3.jar to /opt/coding/starrocks-udf/target/lib/hive-classification-3.1.3.jar
[INFO] Copying hive-serde-3.1.3.jar to /opt/coding/starrocks-udf/target/lib/hive-serde-3.1.3.jar
[INFO] Copying jackson-jaxrs-json-provider-2.7.8.jar to /opt/coding/starrocks-udf/target/lib/jackson-jaxrs-json-provider-2.7.8.jar
[INFO] Copying commons-net-3.6.jar to /opt/coding/starrocks-udf/target/lib/commons-net-3.6.jar
[INFO] Copying tools.jar to /opt/coding/starrocks-udf/target/lib/jdk.tools-1.8.jar
[INFO] Copying hadoop-yarn-server-resourcemanager-3.1.0.jar to /opt/coding/starrocks-udf/target/lib/hadoop-yarn-server-resourcemanager-3.1.0.jar
[INFO] Copying hive-shims-scheduler-3.1.3.jar to /opt/coding/starrocks-udf/target/lib/hive-shims-scheduler-3.1.3.jar
[INFO] Copying jline-0.9.94.jar to /opt/coding/starrocks-udf/target/lib/jline-0.9.94.jar
[INFO] Copying arrow-format-0.8.0.jar to /opt/coding/starrocks-udf/target/lib/arrow-format-0.8.0.jar
[INFO] Copying guava-19.0.jar to /opt/coding/starrocks-udf/target/lib/guava-19.0.jar
[INFO] Copying slf4j-log4j12-1.7.25.jar to /opt/coding/starrocks-udf/target/lib/slf4j-log4j12-1.7.25.jar
[INFO] Copying libthrift-0.9.3.jar to /opt/coding/starrocks-udf/target/lib/libthrift-0.9.3.jar
[INFO] Copying groovy-all-2.4.11.jar to /opt/coding/starrocks-udf/target/lib/groovy-all-2.4.11.jar
[INFO] Copying opencsv-2.3.jar to /opt/coding/starrocks-udf/target/lib/opencsv-2.3.jar
[INFO] Copying geronimo-jcache_1.0_spec-1.0-alpha-1.jar to /opt/coding/starrocks-udf/target/lib/geronimo-jcache_1.0_spec-1.0-alpha-1.jar
[INFO] Copying json-1.8.jar to /opt/coding/starrocks-udf/target/lib/json-1.8.jar
[INFO] Copying kerby-config-1.0.1.jar to /opt/coding/starrocks-udf/target/lib/kerby-config-1.0.1.jar
[INFO] Copying commons-lang-2.6.jar to /opt/coding/starrocks-udf/target/lib/commons-lang-2.6.jar
[INFO] Copying fastjson2-2.0.34.jar to /opt/coding/starrocks-udf/target/lib/fastjson2-2.0.34.jar
[INFO] Copying jetty-server-9.3.20.v20170531.jar to /opt/coding/starrocks-udf/target/lib/jetty-server-9.3.20.v20170531.jar
[INFO] Copying junit-3.8.1.jar to /opt/coding/starrocks-udf/target/lib/junit-3.8.1.jar
[INFO] Copying kerby-pkix-1.0.1.jar to /opt/coding/starrocks-udf/target/lib/kerby-pkix-1.0.1.jar
[INFO] Copying jackson-core-2.12.0.jar to /opt/coding/starrocks-udf/target/lib/jackson-core-2.12.0.jar
[INFO] Copying zookeeper-3.4.6.jar to /opt/coding/starrocks-udf/target/lib/zookeeper-3.4.6.jar
[INFO] Copying javolution-5.5.1.jar to /opt/coding/starrocks-udf/target/lib/javolution-5.5.1.jar
[INFO] Copying nimbus-jose-jwt-4.41.1.jar to /opt/coding/starrocks-udf/target/lib/nimbus-jose-jwt-4.41.1.jar
[INFO] Copying metrics-jvm-3.1.0.jar to /opt/coding/starrocks-udf/target/lib/metrics-jvm-3.1.0.jar
[INFO] Copying antlr-runtime-3.5.2.jar to /opt/coding/starrocks-udf/target/lib/antlr-runtime-3.5.2.jar
[INFO] Copying commons-compiler-2.7.6.jar to /opt/coding/starrocks-udf/target/lib/commons-compiler-2.7.6.jar
[INFO] Copying jsr311-api-1.1.1.jar to /opt/coding/starrocks-udf/target/lib/jsr311-api-1.1.1.jar
[INFO] Copying jetty-client-9.3.20.v20170531.jar to /opt/coding/starrocks-udf/target/lib/jetty-client-9.3.20.v20170531.jar
[INFO] Copying netty-buffer-4.1.17.Final.jar to /opt/coding/starrocks-udf/target/lib/netty-buffer-4.1.17.Final.jar
[INFO] Copying httpcore-4.4.1.jar to /opt/coding/starrocks-udf/target/lib/httpcore-4.4.1.jar
[INFO] Copying ivy-2.4.0.jar to /opt/coding/starrocks-udf/target/lib/ivy-2.4.0.jar
[INFO] Copying log4j-1.2.16.jar to /opt/coding/starrocks-udf/target/lib/log4j-1.2.16.jar
[INFO] Copying javax.inject-1.jar to /opt/coding/starrocks-udf/target/lib/javax.inject-1.jar
[INFO] Copying ant-1.9.1.jar to /opt/coding/starrocks-udf/target/lib/ant-1.9.1.jar
[INFO] Copying javax.servlet-api-3.1.0.jar to /opt/coding/starrocks-udf/target/lib/javax.servlet-api-3.1.0.jar
[INFO] Copying kerb-server-1.0.1.jar to /opt/coding/starrocks-udf/target/lib/kerb-server-1.0.1.jar
[INFO] Copying kerb-client-1.0.1.jar to /opt/coding/starrocks-udf/target/lib/kerb-client-1.0.1.jar
[INFO] Copying avro-1.7.7.jar to /opt/coding/starrocks-udf/target/lib/avro-1.7.7.jar
[INFO] Copying hive-llap-tez-3.1.3.jar to /opt/coding/starrocks-udf/target/lib/hive-llap-tez-3.1.3.jar
[INFO] Copying jackson-core-asl-1.9.2.jar to /opt/coding/starrocks-udf/target/lib/jackson-core-asl-1.9.2.jar
[INFO] Copying mssql-jdbc-6.2.1.jre7.jar to /opt/coding/starrocks-udf/target/lib/mssql-jdbc-6.2.1.jre7.jar
[INFO] Copying datanucleus-core-4.1.17.jar to /opt/coding/starrocks-udf/target/lib/datanucleus-core-4.1.17.jar
[INFO] Copying curator-framework-2.12.0.jar to /opt/coding/starrocks-udf/target/lib/curator-framework-2.12.0.jar
[INFO] Copying stax-api-1.0.1.jar to /opt/coding/starrocks-udf/target/lib/stax-api-1.0.1.jar
[INFO] Copying dnsjava-2.1.7.jar to /opt/coding/starrocks-udf/target/lib/dnsjava-2.1.7.jar
[INFO] Copying orc-shims-1.5.8.jar to /opt/coding/starrocks-udf/target/lib/orc-shims-1.5.8.jar
[INFO] Copying log4j-slf4j-impl-2.17.1.jar to /opt/coding/starrocks-udf/target/lib/log4j-slf4j-impl-2.17.1.jar
[INFO] Copying commons-configuration2-2.1.1.jar to /opt/coding/starrocks-udf/target/lib/commons-configuration2-2.1.1.jar
[INFO] Copying json-smart-2.3.jar to /opt/coding/starrocks-udf/target/lib/json-smart-2.3.jar
[INFO] Copying token-provider-1.0.1.jar to /opt/coding/starrocks-udf/target/lib/token-provider-1.0.1.jar
[INFO] Copying commons-daemon-1.0.13.jar to /opt/coding/starrocks-udf/target/lib/commons-daemon-1.0.13.jar
[INFO] Copying calcite-druid-1.16.0.jar to /opt/coding/starrocks-udf/target/lib/calcite-druid-1.16.0.jar
[INFO] Copying jetty-util-ajax-9.3.19.v20170502.jar to /opt/coding/starrocks-udf/target/lib/jetty-util-ajax-9.3.19.v20170502.jar
[INFO] Copying hadoop-yarn-server-applicationhistoryservice-3.1.0.jar to /opt/coding/starrocks-udf/target/lib/hadoop-yarn-server-applicationhistoryservice-3.1.0.jar
[INFO] Copying log4j-1.2-api-2.17.1.jar to /opt/coding/starrocks-udf/target/lib/log4j-1.2-api-2.17.1.jar
[INFO] Copying janino-2.7.6.jar to /opt/coding/starrocks-udf/target/lib/janino-2.7.6.jar
[INFO] Copying jackson-jaxrs-1.9.2.jar to /opt/coding/starrocks-udf/target/lib/jackson-jaxrs-1.9.2.jar
[INFO] Copying jackson-module-jaxb-annotations-2.7.8.jar to /opt/coding/starrocks-udf/target/lib/jackson-module-jaxb-annotations-2.7.8.jar
[INFO] Copying accessors-smart-1.2.jar to /opt/coding/starrocks-udf/target/lib/accessors-smart-1.2.jar
[INFO] Copying jaxb-impl-2.2.3-1.jar to /opt/coding/starrocks-udf/target/lib/jaxb-impl-2.2.3-1.jar
[INFO] Copying re2j-1.1.jar to /opt/coding/starrocks-udf/target/lib/re2j-1.1.jar
[INFO] Copying hadoop-yarn-registry-3.1.0.jar to /opt/coding/starrocks-udf/target/lib/hadoop-yarn-registry-3.1.0.jar
[INFO] Copying curator-recipes-2.12.0.jar to /opt/coding/starrocks-udf/target/lib/curator-recipes-2.12.0.jar
[INFO] Copying jersey-client-1.19.jar to /opt/coding/starrocks-udf/target/lib/jersey-client-1.19.jar
[INFO] Copying commons-io-2.6.jar to /opt/coding/starrocks-udf/target/lib/commons-io-2.6.jar
[INFO] Copying commons-math3-3.1.1.jar to /opt/coding/starrocks-udf/target/lib/commons-math3-3.1.1.jar
[INFO] Copying commons-pool-1.5.4.jar to /opt/coding/starrocks-udf/target/lib/commons-pool-1.5.4.jar
[INFO] Copying arrow-memory-0.8.0.jar to /opt/coding/starrocks-udf/target/lib/arrow-memory-0.8.0.jar
[INFO] Copying hive-shims-0.23-3.1.3.jar to /opt/coding/starrocks-udf/target/lib/hive-shims-0.23-3.1.3.jar
[INFO] Copying asm-5.0.4.jar to /opt/coding/starrocks-udf/target/lib/asm-5.0.4.jar
[INFO] Copying kerby-util-1.0.1.jar to /opt/coding/starrocks-udf/target/lib/kerby-util-1.0.1.jar
[INFO] Copying curator-client-2.12.0.jar to /opt/coding/starrocks-udf/target/lib/curator-client-2.12.0.jar
[INFO] Copying flatbuffers-1.2.0-3f79e055.jar to /opt/coding/starrocks-udf/target/lib/flatbuffers-1.2.0-3f79e055.jar
[INFO] Copying netty-common-4.1.17.Final.jar to /opt/coding/starrocks-udf/target/lib/netty-common-4.1.17.Final.jar
[INFO] Copying hive-llap-client-3.1.3.jar to /opt/coding/starrocks-udf/target/lib/hive-llap-client-3.1.3.jar
[INFO] Copying hive-upgrade-acid-3.1.3.jar to /opt/coding/starrocks-udf/target/lib/hive-upgrade-acid-3.1.3.jar
[INFO] Copying jaxb-api-2.2.11.jar to /opt/coding/starrocks-udf/target/lib/jaxb-api-2.2.11.jar
[INFO] Copying httpclient-4.4.1.jar to /opt/coding/starrocks-udf/target/lib/httpclient-4.4.1.jar
[INFO] Copying java-util-1.9.0.jar to /opt/coding/starrocks-udf/target/lib/java-util-1.9.0.jar
[INFO] Copying jsp-api-2.1.jar to /opt/coding/starrocks-udf/target/lib/jsp-api-2.1.jar
[INFO] Copying jsch-0.1.54.jar to /opt/coding/starrocks-udf/target/lib/jsch-0.1.54.jar
[INFO] Copying jetty-util-9.3.19.v20170502.jar to /opt/coding/starrocks-udf/target/lib/jetty-util-9.3.19.v20170502.jar
[INFO] Copying parquet-hadoop-bundle-1.10.0.jar to /opt/coding/starrocks-udf/target/lib/parquet-hadoop-bundle-1.10.0.jar
[INFO] Copying jetty-webapp-9.3.20.v20170531.jar to /opt/coding/starrocks-udf/target/lib/jetty-webapp-9.3.20.v20170531.jar
[INFO] Copying hadoop-yarn-server-web-proxy-3.1.0.jar to /opt/coding/starrocks-udf/target/lib/hadoop-yarn-server-web-proxy-3.1.0.jar
[INFO] Copying paranamer-2.3.jar to /opt/coding/starrocks-udf/target/lib/paranamer-2.3.jar
[INFO] Copying arrow-vector-0.8.0.jar to /opt/coding/starrocks-udf/target/lib/arrow-vector-0.8.0.jar
[INFO] Copying gson-2.2.4.jar to /opt/coding/starrocks-udf/target/lib/gson-2.2.4.jar
[INFO] Copying jetty-http-9.3.20.v20170531.jar to /opt/coding/starrocks-udf/target/lib/jetty-http-9.3.20.v20170531.jar
[INFO] Copying jcip-annotations-1.0-1.jar to /opt/coding/starrocks-udf/target/lib/jcip-annotations-1.0-1.jar
[INFO] Copying kerb-admin-1.0.1.jar to /opt/coding/starrocks-udf/target/lib/kerb-admin-1.0.1.jar
[INFO] Copying jetty-security-9.3.20.v20170531.jar to /opt/coding/starrocks-udf/target/lib/jetty-security-9.3.20.v20170531.jar
[INFO] Copying libfb303-0.9.3.jar to /opt/coding/starrocks-udf/target/lib/libfb303-0.9.3.jar
[INFO] Copying slf4j-api-1.7.10.jar to /opt/coding/starrocks-udf/target/lib/slf4j-api-1.7.10.jar
[INFO] Copying jersey-core-1.19.jar to /opt/coding/starrocks-udf/target/lib/jersey-core-1.19.jar
[INFO] Copying commons-lang3-3.9.jar to /opt/coding/starrocks-udf/target/lib/commons-lang3-3.9.jar
[INFO] Copying jetty-io-9.3.20.v20170531.jar to /opt/coding/starrocks-udf/target/lib/jetty-io-9.3.20.v20170531.jar
[INFO] Copying aircompressor-0.10.jar to /opt/coding/starrocks-udf/target/lib/aircompressor-0.10.jar
[INFO] Copying guice-servlet-4.0.jar to /opt/coding/starrocks-udf/target/lib/guice-servlet-4.0.jar
[INFO] Copying jackson-xc-1.9.2.jar to /opt/coding/starrocks-udf/target/lib/jackson-xc-1.9.2.jar
[INFO] Copying hive-vector-code-gen-3.1.3.jar to /opt/coding/starrocks-udf/target/lib/hive-vector-code-gen-3.1.3.jar
[INFO] Copying metrics-json-3.1.0.jar to /opt/coding/starrocks-udf/target/lib/metrics-json-3.1.0.jar
[INFO] Copying jackson-jaxrs-base-2.7.8.jar to /opt/coding/starrocks-udf/target/lib/jackson-jaxrs-base-2.7.8.jar
[INFO] Copying hive-storage-api-2.7.0.jar to /opt/coding/starrocks-udf/target/lib/hive-storage-api-2.7.0.jar
[INFO] Copying sketches-core-0.9.0.jar to /opt/coding/starrocks-udf/target/lib/sketches-core-0.9.0.jar
[INFO] Copying metrics-core-3.1.0.jar to /opt/coding/starrocks-udf/target/lib/metrics-core-3.1.0.jar
[INFO] Copying commons-cli-1.2.jar to /opt/coding/starrocks-udf/target/lib/commons-cli-1.2.jar
[INFO] Copying log4j-api-2.17.1.jar to /opt/coding/starrocks-udf/target/lib/log4j-api-2.17.1.jar
[INFO] Copying woodstox-core-5.0.3.jar to /opt/coding/starrocks-udf/target/lib/woodstox-core-5.0.3.jar
[INFO] Copying ehcache-3.3.1.jar to /opt/coding/starrocks-udf/target/lib/ehcache-3.3.1.jar
[INFO] Copying snappy-java-1.0.5.jar to /opt/coding/starrocks-udf/target/lib/snappy-java-1.0.5.jar
[INFO] Copying jackson-annotations-2.12.0.jar to /opt/coding/starrocks-udf/target/lib/jackson-annotations-2.12.0.jar
[INFO] Copying HikariCP-java7-2.4.12.jar to /opt/coding/starrocks-udf/target/lib/HikariCP-java7-2.4.12.jar
[INFO] Copying hadoop-auth-3.1.0.jar to /opt/coding/starrocks-udf/target/lib/hadoop-auth-3.1.0.jar
[INFO] Copying kerby-asn1-1.0.1.jar to /opt/coding/starrocks-udf/target/lib/kerby-asn1-1.0.1.jar
[INFO] Copying jetty-rewrite-9.3.20.v20170531.jar to /opt/coding/starrocks-udf/target/lib/jetty-rewrite-9.3.20.v20170531.jar
[INFO] Copying fastjson-2.0.34.jar to /opt/coding/starrocks-udf/target/lib/fastjson-2.0.34.jar
[INFO] Copying stax2-api-3.1.4.jar to /opt/coding/starrocks-udf/target/lib/stax2-api-3.1.4.jar
[INFO] Copying commons-collections-3.2.2.jar to /opt/coding/starrocks-udf/target/lib/commons-collections-3.2.2.jar
[INFO] Copying jackson-databind-2.12.0.jar to /opt/coding/starrocks-udf/target/lib/jackson-databind-2.12.0.jar
[INFO] Copying jettison-1.1.jar to /opt/coding/starrocks-udf/target/lib/jettison-1.1.jar
[INFO] Copying hadoop-common-3.1.0.jar to /opt/coding/starrocks-udf/target/lib/hadoop-common-3.1.0.jar
[INFO] Copying hppc-0.7.2.jar to /opt/coding/starrocks-udf/target/lib/hppc-0.7.2.jar
[INFO] Copying jersey-servlet-1.19.jar to /opt/coding/starrocks-udf/target/lib/jersey-servlet-1.19.jar
[INFO] Copying jersey-json-1.19.jar to /opt/coding/starrocks-udf/target/lib/jersey-json-1.19.jar
[INFO] Copying commons-logging-1.1.3.jar to /opt/coding/starrocks-udf/target/lib/commons-logging-1.1.3.jar
[INFO] Copying hadoop-yarn-api-3.1.0.jar to /opt/coding/starrocks-udf/target/lib/hadoop-yarn-api-3.1.0.jar
[INFO] Copying kerb-identity-1.0.1.jar to /opt/coding/starrocks-udf/target/lib/kerb-identity-1.0.1.jar
[INFO] Copying log4j-web-2.17.1.jar to /opt/coding/starrocks-udf/target/lib/log4j-web-2.17.1.jar
[INFO] Copying ant-launcher-1.9.1.jar to /opt/coding/starrocks-udf/target/lib/ant-launcher-1.9.1.jar
[INFO] Copying hadoop-yarn-common-3.1.0.jar to /opt/coding/starrocks-udf/target/lib/hadoop-yarn-common-3.1.0.jar
[INFO] Copying jpam-1.1.jar to /opt/coding/starrocks-udf/target/lib/jpam-1.1.jar
[INFO] Copying jersey-guice-1.19.jar to /opt/coding/starrocks-udf/target/lib/jersey-guice-1.19.jar
[INFO] Copying kerb-common-1.0.1.jar to /opt/coding/starrocks-udf/target/lib/kerb-common-1.0.1.jar
[INFO] Copying jetty-servlet-9.3.20.v20170531.jar to /opt/coding/starrocks-udf/target/lib/jetty-servlet-9.3.20.v20170531.jar
[INFO] Copying hadoop-yarn-server-common-3.1.0.jar to /opt/coding/starrocks-udf/target/lib/hadoop-yarn-server-common-3.1.0.jar
[INFO] Copying jersey-server-1.19.jar to /opt/coding/starrocks-udf/target/lib/jersey-server-1.19.jar
[INFO] Copying apache-curator-2.12.0.pom to /opt/coding/starrocks-udf/target/lib/apache-curator-2.12.0.pom
[INFO] Copying kerb-crypto-1.0.1.jar to /opt/coding/starrocks-udf/target/lib/kerb-crypto-1.0.1.jar
[INFO] Copying fastjson2-extension-2.0.34.jar to /opt/coding/starrocks-udf/target/lib/fastjson2-extension-2.0.34.jar
[INFO] 
[INFO] --- maven-assembly-plugin:3.3.0:single (make-assembly) @ udf ---
Downloading from apache: https://repository.apache.org/content/repositories/releases/biz/aQute/bnd/biz.aQute.bndlib/3.5.0/biz.aQute.bndlib-3.5.0.pom
Downloading from central: https://repo.maven.apache.org/maven2/biz/aQute/bnd/biz.aQute.bndlib/3.5.0/biz.aQute.bndlib-3.5.0.pom
Downloaded from central: https://repo.maven.apache.org/maven2/biz/aQute/bnd/biz.aQute.bndlib/3.5.0/biz.aQute.bndlib-3.5.0.pom (0 B at 0 B/s)
Downloading from apache: https://repository.apache.org/content/repositories/releases/org/apache/maven/maven-archiver/2.6/maven-archiver-2.6.pom
Downloaded from apache: https://repository.apache.org/content/repositories/releases/org/apache/maven/maven-archiver/2.6/maven-archiver-2.6.pom (0 B at 0 B/s)
Downloading from apache: https://repository.apache.org/content/repositories/releases/org/codehaus/plexus/plexus-archiver/2.8.1/plexus-archiver-2.8.1.pom
Downloading from central: https://repo.maven.apache.org/maven2/org/codehaus/plexus/plexus-archiver/2.8.1/plexus-archiver-2.8.1.pom
Downloaded from central: https://repo.maven.apache.org/maven2/org/codehaus/plexus/plexus-archiver/2.8.1/plexus-archiver-2.8.1.pom (0 B at 0 B/s)
Downloading from apache: https://repository.apache.org/content/repositories/releases/org/codehaus/plexus/plexus-io/2.3.2/plexus-io-2.3.2.pom
Downloading from central: https://repo.maven.apache.org/maven2/org/codehaus/plexus/plexus-io/2.3.2/plexus-io-2.3.2.pom
Downloaded from central: https://repo.maven.apache.org/maven2/org/codehaus/plexus/plexus-io/2.3.2/plexus-io-2.3.2.pom (0 B at 0 B/s)
Downloading from apache: https://repository.apache.org/content/repositories/releases/biz/aQute/bnd/biz.aQute.bndlib/3.5.0/biz.aQute.bndlib-3.5.0.jar
Downloading from apache: https://repository.apache.org/content/repositories/releases/org/codehaus/plexus/plexus-io/2.3.2/plexus-io-2.3.2.jar
Downloading from apache: https://repository.apache.org/content/repositories/releases/org/codehaus/plexus/plexus-archiver/2.8.1/plexus-archiver-2.8.1.jar
Downloading from apache: https://repository.apache.org/content/repositories/releases/org/apache/maven/maven-archiver/2.6/maven-archiver-2.6.jar
Downloaded from apache: https://repository.apache.org/content/repositories/releases/org/apache/maven/maven-archiver/2.6/maven-archiver-2.6.jar (0 B at 0 B/s)
Downloading from central: https://repo.maven.apache.org/maven2/biz/aQute/bnd/biz.aQute.bndlib/3.5.0/biz.aQute.bndlib-3.5.0.jar
Downloading from central: https://repo.maven.apache.org/maven2/org/codehaus/plexus/plexus-io/2.3.2/plexus-io-2.3.2.jar
Downloading from central: https://repo.maven.apache.org/maven2/org/codehaus/plexus/plexus-archiver/2.8.1/plexus-archiver-2.8.1.jar
Downloaded from central: https://repo.maven.apache.org/maven2/biz/aQute/bnd/biz.aQute.bndlib/3.5.0/biz.aQute.bndlib-3.5.0.jar (0 B at 0 B/s)
Downloaded from central: https://repo.maven.apache.org/maven2/org/codehaus/plexus/plexus-io/2.3.2/plexus-io-2.3.2.jar (0 B at 0 B/s)
Downloaded from central: https://repo.maven.apache.org/maven2/org/codehaus/plexus/plexus-archiver/2.8.1/plexus-archiver-2.8.1.jar (0 B at 0 B/s)
Downloading from maven2-repository.dev.java.net: http://download.java.net/maven/2/org/apache/felix/maven-bundle-plugin/maven-metadata.xml
Downloading from central: https://repo.maven.apache.org/maven2/org/apache/felix/maven-bundle-plugin/3.0.0/maven-bundle-plugin-3.0.0.pom
Progress (1): 2.7/5.6 kBProgress (1): 5.5/5.6 kBProgress (1): 5.6 kB                        Downloaded from central: https://repo.maven.apache.org/maven2/org/apache/felix/maven-bundle-plugin/3.0.0/maven-bundle-plugin-3.0.0.pom (5.6 kB at 35 kB/s)
Downloading from central: https://repo.maven.apache.org/maven2/org/apache/felix/maven-bundle-plugin/3.0.0/maven-bundle-plugin-3.0.0.jar
Progress (1): 4.1/187 kBProgress (1): 8.2/187 kBProgress (1): 12/187 kB Progress (1): 16/187 kBProgress (1): 20/187 kBProgress (1): 25/187 kBProgress (1): 29/187 kBProgress (1): 33/187 kBProgress (1): 37/187 kBProgress (1): 41/187 kBProgress (1): 45/187 kBProgress (1): 49/187 kBProgress (1): 53/187 kBProgress (1): 57/187 kBProgress (1): 61/187 kBProgress (1): 66/187 kBProgress (1): 70/187 kBProgress (1): 74/187 kBProgress (1): 78/187 kBProgress (1): 82/187 kBProgress (1): 86/187 kBProgress (1): 90/187 kBProgress (1): 94/187 kBProgress (1): 98/187 kBProgress (1): 102/187 kBProgress (1): 106/187 kBProgress (1): 111/187 kBProgress (1): 115/187 kBProgress (1): 119/187 kBProgress (1): 123/187 kBProgress (1): 127/187 kBProgress (1): 131/187 kBProgress (1): 135/187 kBProgress (1): 139/187 kBProgress (1): 143/187 kBProgress (1): 147/187 kBProgress (1): 152/187 kBProgress (1): 156/187 kBProgress (1): 160/187 kBProgress (1): 164/187 kBProgress (1): 168/187 kBProgress (1): 172/187 kBProgress (1): 176/187 kBProgress (1): 180/187 kBProgress (1): 184/187 kBProgress (1): 187 kB                        Downloaded from central: https://repo.maven.apache.org/maven2/org/apache/felix/maven-bundle-plugin/3.0.0/maven-bundle-plugin-3.0.0.jar (187 kB at 284 kB/s)
Downloading from central: https://repo.maven.apache.org/maven2/org/apache/felix/maven-bundle-plugin/3.2.0/maven-bundle-plugin-3.2.0.pom
Downloaded from central: https://repo.maven.apache.org/maven2/org/apache/felix/maven-bundle-plugin/3.2.0/maven-bundle-plugin-3.2.0.pom (0 B at 0 B/s)
Downloading from central: https://repo.maven.apache.org/maven2/biz/aQute/bnd/biz.aQute.bndlib/3.2.0/biz.aQute.bndlib-3.2.0.pom
Downloaded from central: https://repo.maven.apache.org/maven2/biz/aQute/bnd/biz.aQute.bndlib/3.2.0/biz.aQute.bndlib-3.2.0.pom (0 B at 0 B/s)
Downloading from central: https://repo.maven.apache.org/maven2/org/apache/felix/maven-bundle-plugin/3.2.0/maven-bundle-plugin-3.2.0.jar
Downloading from central: https://repo.maven.apache.org/maven2/biz/aQute/bnd/biz.aQute.bndlib/3.2.0/biz.aQute.bndlib-3.2.0.jar
Downloaded from central: https://repo.maven.apache.org/maven2/org/apache/felix/maven-bundle-plugin/3.2.0/maven-bundle-plugin-3.2.0.jar (0 B at 0 B/s)
Downloaded from central: https://repo.maven.apache.org/maven2/biz/aQute/bnd/biz.aQute.bndlib/3.2.0/biz.aQute.bndlib-3.2.0.jar (0 B at 0 B/s)
Downloading from central: https://repo.maven.apache.org/maven2/org/apache/felix/maven-bundle-plugin/3.3.0/maven-bundle-plugin-3.3.0.pom
Progress (1): 4.1/10 kBProgress (1): 8.2/10 kBProgress (1): 10 kB                       Downloaded from central: https://repo.maven.apache.org/maven2/org/apache/felix/maven-bundle-plugin/3.3.0/maven-bundle-plugin-3.3.0.pom (10 kB at 26 kB/s)
Downloading from central: https://repo.maven.apache.org/maven2/biz/aQute/bnd/biz.aQute.bndlib/3.3.0/biz.aQute.bndlib-3.3.0.pom
Progress (1): 1.3 kB                    Downloaded from central: https://repo.maven.apache.org/maven2/biz/aQute/bnd/biz.aQute.bndlib/3.3.0/biz.aQute.bndlib-3.3.0.pom (1.3 kB at 7.1 kB/s)
Downloading from central: https://repo.maven.apache.org/maven2/org/apache/felix/maven-bundle-plugin/3.3.0/maven-bundle-plugin-3.3.0.jar
Downloading from central: https://repo.maven.apache.org/maven2/org/apache/maven/maven-archiver/2.6/maven-archiver-2.6.jar
Downloading from central: https://repo.maven.apache.org/maven2/biz/aQute/bnd/biz.aQute.bndlib/3.3.0/biz.aQute.bndlib-3.3.0.jar
Downloaded from central: https://repo.maven.apache.org/maven2/org/apache/maven/maven-archiver/2.6/maven-archiver-2.6.jar (0 B at 0 B/s)
Progress (1): 0/2.5 MBProgress (2): 0/2.5 MB | 4.1/224 kBProgress (2): 0/2.5 MB | 8.2/224 kBProgress (2): 0/2.5 MB | 12/224 kB Progress (2): 0/2.5 MB | 16/224 kBProgress (2): 0/2.5 MB | 16/224 kBProgress (2): 0/2.5 MB | 20/224 kBProgress (2): 0/2.5 MB | 25/224 kBProgress (2): 0/2.5 MB | 29/224 kBProgress (2): 0/2.5 MB | 33/224 kBProgress (2): 0/2.5 MB | 33/224 kBProgress (2): 0/2.5 MB | 37/224 kBProgress (2): 0/2.5 MB | 41/224 kBProgress (2): 0/2.5 MB | 45/224 kBProgress (2): 0/2.5 MB | 49/224 kBProgress (2): 0/2.5 MB | 53/224 kBProgress (2): 0/2.5 MB | 57/224 kBProgress (2): 0/2.5 MB | 61/224 kBProgress (2): 0.1/2.5 MB | 61/224 kBProgress (2): 0.1/2.5 MB | 66/224 kBProgress (2): 0.1/2.5 MB | 70/224 kBProgress (2): 0.1/2.5 MB | 70/224 kBProgress (2): 0.1/2.5 MB | 74/224 kBProgress (2): 0.1/2.5 MB | 78/224 kBProgress (2): 0.1/2.5 MB | 82/224 kBProgress (2): 0.1/2.5 MB | 82/224 kBProgress (2): 0.1/2.5 MB | 86/224 kBProgress (2): 0.1/2.5 MB | 90/224 kBProgress (2): 0.1/2.5 MB | 94/224 kBProgress (2): 0.1/2.5 MB | 94/224 kBProgress (2): 0.1/2.5 MB | 98/224 kBProgress (2): 0.1/2.5 MB | 102/224 kBProgress (2): 0.1/2.5 MB | 106/224 kBProgress (2): 0.1/2.5 MB | 111/224 kBProgress (2): 0.1/2.5 MB | 115/224 kBProgress (2): 0.1/2.5 MB | 115/224 kBProgress (2): 0.1/2.5 MB | 119/224 kBProgress (2): 0.1/2.5 MB | 119/224 kBProgress (2): 0.1/2.5 MB | 123/224 kBProgress (2): 0.1/2.5 MB | 127/224 kBProgress (2): 0.1/2.5 MB | 131/224 kBProgress (2): 0.1/2.5 MB | 135/224 kBProgress (2): 0.1/2.5 MB | 139/224 kBProgress (2): 0.1/2.5 MB | 143/224 kBProgress (2): 0.2/2.5 MB | 143/224 kBProgress (2): 0.2/2.5 MB | 147/224 kBProgress (2): 0.2/2.5 MB | 152/224 kBProgress (2): 0.2/2.5 MB | 156/224 kBProgress (2): 0.2/2.5 MB | 156/224 kBProgress (2): 0.2/2.5 MB | 160/224 kBProgress (2): 0.2/2.5 MB | 164/224 kBProgress (2): 0.2/2.5 MB | 168/224 kBProgress (2): 0.2/2.5 MB | 168/224 kBProgress (2): 0.2/2.5 MB | 172/224 kBProgress (2): 0.2/2.5 MB | 176/224 kBProgress (2): 0.2/2.5 MB | 176/224 kBProgress (2): 0.2/2.5 MB | 180/224 kBProgress (2): 0.2/2.5 MB | 184/224 kBProgress (2): 0.2/2.5 MB | 184/224 kBProgress (2): 0.2/2.5 MB | 188/224 kBProgress (2): 0.2/2.5 MB | 193/224 kBProgress (2): 0.2/2.5 MB | 193/224 kBProgress (2): 0.2/2.5 MB | 197/224 kBProgress (2): 0.3/2.5 MB | 197/224 kBProgress (2): 0.3/2.5 MB | 201/224 kBProgress (2): 0.3/2.5 MB | 201/224 kBProgress (2): 0.3/2.5 MB | 205/224 kBProgress (2): 0.3/2.5 MB | 205/224 kBProgress (2): 0.3/2.5 MB | 209/224 kBProgress (2): 0.3/2.5 MB | 213/224 kBProgress (2): 0.3/2.5 MB | 213/224 kBProgress (2): 0.3/2.5 MB | 217/224 kBProgress (2): 0.3/2.5 MB | 217/224 kBProgress (2): 0.3/2.5 MB | 221/224 kBProgress (2): 0.3/2.5 MB | 224 kB    Progress (2): 0.3/2.5 MB | 224 kBProgress (2): 0.4/2.5 MB | 224 kBProgress (2): 0.4/2.5 MB | 224 kBProgress (2): 0.4/2.5 MB | 224 kBProgress (2): 0.4/2.5 MB | 224 kBProgress (2): 0.4/2.5 MB | 224 kBProgress (2): 0.4/2.5 MB | 224 kBProgress (2): 0.5/2.5 MB | 224 kBProgress (2): 0.5/2.5 MB | 224 kBProgress (2): 0.5/2.5 MB | 224 kBProgress (2): 0.5/2.5 MB | 224 kBProgress (2): 0.5/2.5 MB | 224 kBProgress (2): 0.5/2.5 MB | 224 kBProgress (2): 0.6/2.5 MB | 224 kBProgress (2): 0.6/2.5 MB | 224 kBProgress (2): 0.6/2.5 MB | 224 kBProgress (2): 0.6/2.5 MB | 224 kBProgress (2): 0.6/2.5 MB | 224 kBProgress (2): 0.6/2.5 MB | 224 kBProgress (2): 0.7/2.5 MB | 224 kBProgress (2): 0.7/2.5 MB | 224 kBProgress (2): 0.7/2.5 MB | 224 kBProgress (2): 0.7/2.5 MB | 224 kBProgress (2): 0.7/2.5 MB | 224 kBProgress (2): 0.7/2.5 MB | 224 kBProgress (2): 0.8/2.5 MB | 224 kBProgress (2): 0.8/2.5 MB | 224 kBProgress (2): 0.8/2.5 MB | 224 kBProgress (2): 0.8/2.5 MB | 224 kBProgress (2): 0.8/2.5 MB | 224 kBProgress (2): 0.8/2.5 MB | 224 kBProgress (2): 0.9/2.5 MB | 224 kBProgress (2): 0.9/2.5 MB | 224 kBProgress (2): 0.9/2.5 MB | 224 kBProgress (2): 0.9/2.5 MB | 224 kBProgress (2): 0.9/2.5 MB | 224 kBProgress (2): 0.9/2.5 MB | 224 kB                                 Downloaded from central: https://repo.maven.apache.org/maven2/org/apache/felix/maven-bundle-plugin/3.3.0/maven-bundle-plugin-3.3.0.jar (224 kB at 494 kB/s)
Progress (1): 1.0/2.5 MBProgress (1): 1.0/2.5 MBProgress (1): 1.0/2.5 MBProgress (1): 1.0/2.5 MBProgress (1): 1.0/2.5 MBProgress (1): 1.0/2.5 MBProgress (1): 1.1/2.5 MBProgress (1): 1.1/2.5 MBProgress (1): 1.1/2.5 MBProgress (1): 1.1/2.5 MBProgress (1): 1.1/2.5 MBProgress (1): 1.1/2.5 MBProgress (1): 1.2/2.5 MBProgress (1): 1.2/2.5 MBProgress (1): 1.2/2.5 MBProgress (1): 1.2/2.5 MBProgress (1): 1.2/2.5 MBProgress (1): 1.2/2.5 MBProgress (1): 1.3/2.5 MBProgress (1): 1.3/2.5 MBProgress (1): 1.3/2.5 MBProgress (1): 1.3/2.5 MBProgress (1): 1.3/2.5 MBProgress (1): 1.3/2.5 MBProgress (1): 1.3/2.5 MBProgress (1): 1.4/2.5 MBProgress (1): 1.4/2.5 MBProgress (1): 1.4/2.5 MBProgress (1): 1.4/2.5 MBProgress (1): 1.4/2.5 MBProgress (1): 1.4/2.5 MBProgress (1): 1.5/2.5 MBProgress (1): 1.5/2.5 MBProgress (1): 1.5/2.5 MBProgress (1): 1.5/2.5 MBProgress (1): 1.5/2.5 MBProgress (1): 1.6/2.5 MBProgress (1): 1.6/2.5 MBProgress (1): 1.6/2.5 MBProgress (1): 1.6/2.5 MBProgress (1): 1.6/2.5 MBProgress (1): 1.6/2.5 MBProgress (1): 1.7/2.5 MBProgress (1): 1.7/2.5 MBProgress (1): 1.7/2.5 MBProgress (1): 1.7/2.5 MBProgress (1): 1.7/2.5 MBProgress (1): 1.7/2.5 MBProgress (1): 1.8/2.5 MBProgress (1): 1.8/2.5 MBProgress (1): 1.8/2.5 MBProgress (1): 1.8/2.5 MBProgress (1): 1.8/2.5 MBProgress (1): 1.8/2.5 MBProgress (1): 1.9/2.5 MBProgress (1): 1.9/2.5 MBProgress (1): 1.9/2.5 MBProgress (1): 1.9/2.5 MBProgress (1): 1.9/2.5 MBProgress (1): 1.9/2.5 MBProgress (1): 2.0/2.5 MBProgress (1): 2.0/2.5 MBProgress (1): 2.0/2.5 MBProgress (1): 2.0/2.5 MBProgress (1): 2.0/2.5 MBProgress (1): 2.0/2.5 MBProgress (1): 2.0/2.5 MBProgress (1): 2.1/2.5 MBProgress (1): 2.1/2.5 MBProgress (1): 2.1/2.5 MBProgress (1): 2.1/2.5 MBProgress (1): 2.1/2.5 MBProgress (1): 2.1/2.5 MBProgress (1): 2.2/2.5 MBProgress (1): 2.2/2.5 MBProgress (1): 2.2/2.5 MBProgress (1): 2.2/2.5 MBProgress (1): 2.2/2.5 MBProgress (1): 2.2/2.5 MBProgress (1): 2.3/2.5 MBProgress (1): 2.3/2.5 MBProgress (1): 2.3/2.5 MBProgress (1): 2.3/2.5 MBProgress (1): 2.3/2.5 MBProgress (1): 2.3/2.5 MBProgress (1): 2.4/2.5 MBProgress (1): 2.4/2.5 MBProgress (1): 2.4/2.5 MBProgress (1): 2.4/2.5 MBProgress (1): 2.4/2.5 MBProgress (1): 2.4/2.5 MBProgress (1): 2.5/2.5 MBProgress (1): 2.5/2.5 MBProgress (1): 2.5 MB                        Downloaded from central: https://repo.maven.apache.org/maven2/biz/aQute/bnd/biz.aQute.bndlib/3.3.0/biz.aQute.bndlib-3.3.0.jar (2.5 MB at 3.2 MB/s)
Downloading from central: https://repo.maven.apache.org/maven2/org/apache/felix/maven-bundle-plugin/2.3.6/maven-bundle-plugin-2.3.6.pom
Downloaded from central: https://repo.maven.apache.org/maven2/org/apache/felix/maven-bundle-plugin/2.3.6/maven-bundle-plugin-2.3.6.pom (0 B at 0 B/s)
Downloading from central: https://repo.maven.apache.org/maven2/org/apache/felix/maven-bundle-plugin/2.3.6/maven-bundle-plugin-2.3.6.jar
Downloaded from central: https://repo.maven.apache.org/maven2/org/apache/felix/maven-bundle-plugin/2.3.6/maven-bundle-plugin-2.3.6.jar (0 B at 0 B/s)
Downloading from central: https://repo.maven.apache.org/maven2/org/apache/maven/scm/maven-scm-provider-gitexe/1.9.1/maven-scm-provider-gitexe-1.9.1.pom
Downloaded from central: https://repo.maven.apache.org/maven2/org/apache/maven/scm/maven-scm-provider-gitexe/1.9.1/maven-scm-provider-gitexe-1.9.1.pom (0 B at 0 B/s)
Downloading from central: https://repo.maven.apache.org/maven2/org/apache/maven/scm/maven-scm-providers-git/1.9.1/maven-scm-providers-git-1.9.1.pom
Downloaded from central: https://repo.maven.apache.org/maven2/org/apache/maven/scm/maven-scm-providers-git/1.9.1/maven-scm-providers-git-1.9.1.pom (0 B at 0 B/s)
Downloading from central: https://repo.maven.apache.org/maven2/org/apache/maven/scm/maven-scm-providers/1.9.1/maven-scm-providers-1.9.1.pom
Downloaded from central: https://repo.maven.apache.org/maven2/org/apache/maven/scm/maven-scm-providers/1.9.1/maven-scm-providers-1.9.1.pom (0 B at 0 B/s)
Downloading from central: https://repo.maven.apache.org/maven2/org/apache/maven/scm/maven-scm/1.9.1/maven-scm-1.9.1.pom
Downloaded from central: https://repo.maven.apache.org/maven2/org/apache/maven/scm/maven-scm/1.9.1/maven-scm-1.9.1.pom (0 B at 0 B/s)
Downloading from central: https://repo.maven.apache.org/maven2/org/apache/maven/scm/maven-scm-provider-git-commons/1.9.1/maven-scm-provider-git-commons-1.9.1.pom
Downloaded from central: https://repo.maven.apache.org/maven2/org/apache/maven/scm/maven-scm-provider-git-commons/1.9.1/maven-scm-provider-git-commons-1.9.1.pom (0 B at 0 B/s)
Downloading from central: https://repo.maven.apache.org/maven2/org/apache/maven/scm/maven-scm-api/1.9.1/maven-scm-api-1.9.1.pom
Downloaded from central: https://repo.maven.apache.org/maven2/org/apache/maven/scm/maven-scm-api/1.9.1/maven-scm-api-1.9.1.pom (0 B at 0 B/s)
Downloading from central: https://repo.maven.apache.org/maven2/org/apache/maven/scm/maven-scm-provider-gitexe/1.9.1/maven-scm-provider-gitexe-1.9.1.jar
Downloading from central: https://repo.maven.apache.org/maven2/org/apache/maven/scm/maven-scm-api/1.9.1/maven-scm-api-1.9.1.jar
Downloading from central: https://repo.maven.apache.org/maven2/org/apache/maven/scm/maven-scm-provider-git-commons/1.9.1/maven-scm-provider-git-commons-1.9.1.jar
Downloaded from central: https://repo.maven.apache.org/maven2/org/apache/maven/scm/maven-scm-provider-gitexe/1.9.1/maven-scm-provider-gitexe-1.9.1.jar (0 B at 0 B/s)
Downloaded from central: https://repo.maven.apache.org/maven2/org/apache/maven/scm/maven-scm-provider-git-commons/1.9.1/maven-scm-provider-git-commons-1.9.1.jar (0 B at 0 B/s)
Downloaded from central: https://repo.maven.apache.org/maven2/org/apache/maven/scm/maven-scm-api/1.9.1/maven-scm-api-1.9.1.jar (0 B at 0 B/s)
Downloading from central: https://repo.maven.apache.org/maven2/org/apache/maven/scm/maven-scm-manager-plexus/1.9.1/maven-scm-manager-plexus-1.9.1.pom
Downloaded from central: https://repo.maven.apache.org/maven2/org/apache/maven/scm/maven-scm-manager-plexus/1.9.1/maven-scm-manager-plexus-1.9.1.pom (0 B at 0 B/s)
Downloading from central: https://repo.maven.apache.org/maven2/org/apache/maven/scm/maven-scm-managers/1.9.1/maven-scm-managers-1.9.1.pom
Downloaded from central: https://repo.maven.apache.org/maven2/org/apache/maven/scm/maven-scm-managers/1.9.1/maven-scm-managers-1.9.1.pom (0 B at 0 B/s)
Downloading from central: https://repo.maven.apache.org/maven2/org/apache/maven/scm/maven-scm-manager-plexus/1.9.1/maven-scm-manager-plexus-1.9.1.jar
Downloaded from central: https://repo.maven.apache.org/maven2/org/apache/maven/scm/maven-scm-manager-plexus/1.9.1/maven-scm-manager-plexus-1.9.1.jar (0 B at 0 B/s)
Downloading from central: https://repo.maven.apache.org/maven2/org/kathrynhuxtable/maven/wagon/wagon-gitsite/0.3.1/wagon-gitsite-0.3.1.pom
Downloaded from central: https://repo.maven.apache.org/maven2/org/kathrynhuxtable/maven/wagon/wagon-gitsite/0.3.1/wagon-gitsite-0.3.1.pom (0 B at 0 B/s)
Downloading from central: https://repo.maven.apache.org/maven2/org/apache/maven/scm/maven-scm-api/1.3/maven-scm-api-1.3.pom
Downloaded from central: https://repo.maven.apache.org/maven2/org/apache/maven/scm/maven-scm-api/1.3/maven-scm-api-1.3.pom (0 B at 0 B/s)
Downloading from central: https://repo.maven.apache.org/maven2/org/apache/maven/scm/maven-scm/1.3/maven-scm-1.3.pom
Downloaded from central: https://repo.maven.apache.org/maven2/org/apache/maven/scm/maven-scm/1.3/maven-scm-1.3.pom (0 B at 0 B/s)
Downloading from central: https://repo.maven.apache.org/maven2/org/apache/maven/scm/maven-scm-manager-plexus/1.3/maven-scm-manager-plexus-1.3.pom
Downloaded from central: https://repo.maven.apache.org/maven2/org/apache/maven/scm/maven-scm-manager-plexus/1.3/maven-scm-manager-plexus-1.3.pom (0 B at 0 B/s)
Downloading from central: https://repo.maven.apache.org/maven2/org/apache/maven/scm/maven-scm-managers/1.3/maven-scm-managers-1.3.pom
Downloaded from central: https://repo.maven.apache.org/maven2/org/apache/maven/scm/maven-scm-managers/1.3/maven-scm-managers-1.3.pom (0 B at 0 B/s)
Downloading from central: https://repo.maven.apache.org/maven2/org/codehaus/plexus/plexus-container-default/1.5.4/plexus-container-default-1.5.4.pom
Downloaded from central: https://repo.maven.apache.org/maven2/org/codehaus/plexus/plexus-container-default/1.5.4/plexus-container-default-1.5.4.pom (0 B at 0 B/s)
Downloading from central: https://repo.maven.apache.org/maven2/org/apache/maven/scm/maven-scm-provider-gitexe/1.3/maven-scm-provider-gitexe-1.3.pom
Downloaded from central: https://repo.maven.apache.org/maven2/org/apache/maven/scm/maven-scm-provider-gitexe/1.3/maven-scm-provider-gitexe-1.3.pom (0 B at 0 B/s)
Downloading from central: https://repo.maven.apache.org/maven2/org/apache/maven/scm/maven-scm-providers-git/1.3/maven-scm-providers-git-1.3.pom
Downloaded from central: https://repo.maven.apache.org/maven2/org/apache/maven/scm/maven-scm-providers-git/1.3/maven-scm-providers-git-1.3.pom (0 B at 0 B/s)
Downloading from central: https://repo.maven.apache.org/maven2/org/apache/maven/scm/maven-scm-providers/1.3/maven-scm-providers-1.3.pom
Downloaded from central: https://repo.maven.apache.org/maven2/org/apache/maven/scm/maven-scm-providers/1.3/maven-scm-providers-1.3.pom (0 B at 0 B/s)
Downloading from central: https://repo.maven.apache.org/maven2/org/apache/maven/scm/maven-scm-provider-git-commons/1.3/maven-scm-provider-git-commons-1.3.pom
Downloaded from central: https://repo.maven.apache.org/maven2/org/apache/maven/scm/maven-scm-provider-git-commons/1.3/maven-scm-provider-git-commons-1.3.pom (0 B at 0 B/s)
Downloading from central: https://repo.maven.apache.org/maven2/org/kathrynhuxtable/maven/wagon/wagon-gitsite/0.3.1/wagon-gitsite-0.3.1.jar
Downloading from central: https://repo.maven.apache.org/maven2/org/apache/maven/scm/maven-scm-provider-git-commons/1.3/maven-scm-provider-git-commons-1.3.jar
Downloading from central: https://repo.maven.apache.org/maven2/org/apache/maven/scm/maven-scm-provider-gitexe/1.3/maven-scm-provider-gitexe-1.3.jar
Downloading from central: https://repo.maven.apache.org/maven2/org/apache/maven/scm/maven-scm-manager-plexus/1.3/maven-scm-manager-plexus-1.3.jar
Downloading from central: https://repo.maven.apache.org/maven2/org/apache/maven/scm/maven-scm-api/1.3/maven-scm-api-1.3.jar
Downloaded from central: https://repo.maven.apache.org/maven2/org/apache/maven/scm/maven-scm-provider-gitexe/1.3/maven-scm-provider-gitexe-1.3.jar (0 B at 0 B/s)
Downloaded from central: https://repo.maven.apache.org/maven2/org/kathrynhuxtable/maven/wagon/wagon-gitsite/0.3.1/wagon-gitsite-0.3.1.jar (0 B at 0 B/s)
Downloaded from central: https://repo.maven.apache.org/maven2/org/apache/maven/scm/maven-scm-provider-git-commons/1.3/maven-scm-provider-git-commons-1.3.jar (0 B at 0 B/s)
Downloaded from central: https://repo.maven.apache.org/maven2/org/apache/maven/scm/maven-scm-api/1.3/maven-scm-api-1.3.jar (0 B at 0 B/s)
Downloaded from central: https://repo.maven.apache.org/maven2/org/apache/maven/scm/maven-scm-manager-plexus/1.3/maven-scm-manager-plexus-1.3.jar (0 B at 0 B/s)
Downloading from central: https://repo.maven.apache.org/maven2/org/apache/felix/maven-bundle-plugin/2.1.0/maven-bundle-plugin-2.1.0.pom
Downloaded from central: https://repo.maven.apache.org/maven2/org/apache/felix/maven-bundle-plugin/2.1.0/maven-bundle-plugin-2.1.0.pom (0 B at 0 B/s)
Downloading from central: https://repo.maven.apache.org/maven2/org/apache/felix/maven-bundle-plugin/2.1.0/maven-bundle-plugin-2.1.0.jar
Downloaded from central: https://repo.maven.apache.org/maven2/org/apache/felix/maven-bundle-plugin/2.1.0/maven-bundle-plugin-2.1.0.jar (0 B at 0 B/s)
Downloading from central: https://repo.maven.apache.org/maven2/org/apache/maven/wagon/wagon-ssh-external/1.0-alpha-5/wagon-ssh-external-1.0-alpha-5.pom
Downloaded from central: https://repo.maven.apache.org/maven2/org/apache/maven/wagon/wagon-ssh-external/1.0-alpha-5/wagon-ssh-external-1.0-alpha-5.pom (0 B at 0 B/s)
Downloading from central: https://repo.maven.apache.org/maven2/org/apache/maven/wagon/wagon-provider-api/1.0-alpha-5/wagon-provider-api-1.0-alpha-5.pom
Downloaded from central: https://repo.maven.apache.org/maven2/org/apache/maven/wagon/wagon-provider-api/1.0-alpha-5/wagon-provider-api-1.0-alpha-5.pom (0 B at 0 B/s)
Downloading from central: https://repo.maven.apache.org/maven2/org/apache/maven/wagon/wagon-ssh-external/1.0-alpha-5/wagon-ssh-external-1.0-alpha-5.jar
Downloading from central: https://repo.maven.apache.org/maven2/org/apache/maven/wagon/wagon-provider-api/1.0-alpha-5/wagon-provider-api-1.0-alpha-5.jar
Downloaded from central: https://repo.maven.apache.org/maven2/org/apache/maven/wagon/wagon-ssh-external/1.0-alpha-5/wagon-ssh-external-1.0-alpha-5.jar (0 B at 0 B/s)
Downloaded from central: https://repo.maven.apache.org/maven2/org/apache/maven/wagon/wagon-provider-api/1.0-alpha-5/wagon-provider-api-1.0-alpha-5.jar (0 B at 0 B/s)
Downloading from central: https://repo.maven.apache.org/maven2/org/sonatype/plugins/nexus-staging-maven-plugin/1.6.2/nexus-staging-maven-plugin-1.6.2.pom
Progress (1): 2.7/12 kBProgress (1): 5.5/12 kBProgress (1): 8.2/12 kBProgress (1): 11/12 kB Progress (1): 12 kB                      Downloaded from central: https://repo.maven.apache.org/maven2/org/sonatype/plugins/nexus-staging-maven-plugin/1.6.2/nexus-staging-maven-plugin-1.6.2.pom (12 kB at 70 kB/s)
Downloading from central: https://repo.maven.apache.org/maven2/org/sonatype/nexus/maven/nexus-staging/1.6.2/nexus-staging-1.6.2.pom
Progress (1): 2.7/2.9 kBProgress (1): 2.9 kB                        Downloaded from central: https://repo.maven.apache.org/maven2/org/sonatype/nexus/maven/nexus-staging/1.6.2/nexus-staging-1.6.2.pom (2.9 kB at 14 kB/s)
Downloading from central: https://repo.maven.apache.org/maven2/org/sonatype/nexus/maven/nexus-maven-plugins/1.6.2/nexus-maven-plugins-1.6.2.pom
Progress (1): 2.7/17 kBProgress (1): 5.5/17 kBProgress (1): 8.2/17 kBProgress (1): 11/17 kB Progress (1): 14/17 kBProgress (1): 16/17 kBProgress (1): 17 kB                      Downloaded from central: https://repo.maven.apache.org/maven2/org/sonatype/nexus/maven/nexus-maven-plugins/1.6.2/nexus-maven-plugins-1.6.2.pom (17 kB at 88 kB/s)
Downloading from central: https://repo.maven.apache.org/maven2/org/sonatype/nexus/maven/nexus-common/1.6.2/nexus-common-1.6.2.pom
Progress (1): 2.2 kB                    Downloaded from central: https://repo.maven.apache.org/maven2/org/sonatype/nexus/maven/nexus-common/1.6.2/nexus-common-1.6.2.pom (2.2 kB at 10 kB/s)
Downloading from central: https://repo.maven.apache.org/maven2/org/sonatype/nexus/nexus-client-core/2.7.2-01/nexus-client-core-2.7.2-01.pom
Progress (1): 2.7/4.7 kBProgress (1): 4.7 kB                        Downloaded from central: https://repo.maven.apache.org/maven2/org/sonatype/nexus/nexus-client-core/2.7.2-01/nexus-client-core-2.7.2-01.pom (4.7 kB at 32 kB/s)
Downloading from central: https://repo.maven.apache.org/maven2/org/sonatype/nexus/nexus-components/2.7.2-01/nexus-components-2.7.2-01.pom
Progress (1): 2.7 kB                    Downloaded from central: https://repo.maven.apache.org/maven2/org/sonatype/nexus/nexus-components/2.7.2-01/nexus-components-2.7.2-01.pom (2.7 kB at 19 kB/s)
Downloading from central: https://repo.maven.apache.org/maven2/org/sonatype/nexus/nexus-oss/2.7.2-01/nexus-oss-2.7.2-01.pom
Progress (1): 4.1/36 kBProgress (1): 8.2/36 kBProgress (1): 12/36 kB Progress (1): 16/36 kBProgress (1): 20/36 kBProgress (1): 25/36 kBProgress (1): 29/36 kBProgress (1): 33/36 kBProgress (1): 36 kB                      Downloaded from central: https://repo.maven.apache.org/maven2/org/sonatype/nexus/nexus-oss/2.7.2-01/nexus-oss-2.7.2-01.pom (36 kB at 130 kB/s)
Downloading from central: https://repo.maven.apache.org/maven2/org/sonatype/nexus/buildsupport/nexus-buildsupport-all/2.7.2-01/nexus-buildsupport-all-2.7.2-01.pom
Progress (1): 4.1/5.2 kBProgress (1): 5.2 kB                        Downloaded from central: https://repo.maven.apache.org/maven2/org/sonatype/nexus/buildsupport/nexus-buildsupport-all/2.7.2-01/nexus-buildsupport-all-2.7.2-01.pom (5.2 kB at 32 kB/s)
Downloading from central: https://repo.maven.apache.org/maven2/org/sonatype/nexus/buildsupport/nexus-buildsupport/2.7.2-01/nexus-buildsupport-2.7.2-01.pom
Progress (1): 1.9 kB                    Downloaded from central: https://repo.maven.apache.org/maven2/org/sonatype/nexus/buildsupport/nexus-buildsupport/2.7.2-01/nexus-buildsupport-2.7.2-01.pom (1.9 kB at 13 kB/s)
Downloading from rso-public-grid: https://repository.sonatype.org/content/groups/sonatype-public-grid/org/sonatype/nexus/buildsupport/nexus-buildsupport-commons/2.7.2-01/nexus-buildsupport-commons-2.7.2-01.pom
Progress (1): 3.0 kB                    Downloaded from rso-public-grid: https://repository.sonatype.org/content/groups/sonatype-public-grid/org/sonatype/nexus/buildsupport/nexus-buildsupport-commons/2.7.2-01/nexus-buildsupport-commons-2.7.2-01.pom (3.0 kB at 1.5 kB/s)
Downloading from rso-public-grid: https://repository.sonatype.org/content/groups/sonatype-public-grid/org/sonatype/nexus/buildsupport/nexus-buildsupport-httpclient/2.7.2-01/nexus-buildsupport-httpclient-2.7.2-01.pom
Progress (1): 2.1 kB                    Downloaded from rso-public-grid: https://repository.sonatype.org/content/groups/sonatype-public-grid/org/sonatype/nexus/buildsupport/nexus-buildsupport-httpclient/2.7.2-01/nexus-buildsupport-httpclient-2.7.2-01.pom (2.1 kB at 3.2 kB/s)
Downloading from rso-public-grid: https://repository.sonatype.org/content/groups/sonatype-public-grid/org/sonatype/nexus/buildsupport/nexus-buildsupport-maven/2.7.2-01/nexus-buildsupport-maven-2.7.2-01.pom
Progress (1): 3.8/6.2 kBProgress (1): 6.2 kB                        Downloaded from rso-public-grid: https://repository.sonatype.org/content/groups/sonatype-public-grid/org/sonatype/nexus/buildsupport/nexus-buildsupport-maven/2.7.2-01/nexus-buildsupport-maven-2.7.2-01.pom (6.2 kB at 9.8 kB/s)
Downloading from rso-public-grid: https://repository.sonatype.org/content/groups/sonatype-public-grid/org/sonatype/nexus/buildsupport/nexus-buildsupport-shiro/2.7.2-01/nexus-buildsupport-shiro-2.7.2-01.pom
Progress (1): 3.4 kB                    Downloaded from rso-public-grid: https://repository.sonatype.org/content/groups/sonatype-public-grid/org/sonatype/nexus/buildsupport/nexus-buildsupport-shiro/2.7.2-01/nexus-buildsupport-shiro-2.7.2-01.pom (3.4 kB at 4.8 kB/s)
Downloading from rso-public-grid: https://repository.sonatype.org/content/groups/sonatype-public-grid/org/sonatype/nexus/buildsupport/nexus-buildsupport-bouncycastle/2.7.2-01/nexus-buildsupport-bouncycastle-2.7.2-01.pom
Progress (1): 2.1 kB                    Downloaded from rso-public-grid: https://repository.sonatype.org/content/groups/sonatype-public-grid/org/sonatype/nexus/buildsupport/nexus-buildsupport-bouncycastle/2.7.2-01/nexus-buildsupport-bouncycastle-2.7.2-01.pom (2.1 kB at 3.4 kB/s)
Downloading from rso-public-grid: https://repository.sonatype.org/content/groups/sonatype-public-grid/org/sonatype/nexus/buildsupport/nexus-buildsupport-jetty/2.7.2-01/nexus-buildsupport-jetty-2.7.2-01.pom
Progress (1): 3.8/4.5 kBProgress (1): 4.5 kB                        Downloaded from rso-public-grid: https://repository.sonatype.org/content/groups/sonatype-public-grid/org/sonatype/nexus/buildsupport/nexus-buildsupport-jetty/2.7.2-01/nexus-buildsupport-jetty-2.7.2-01.pom (4.5 kB at 7.4 kB/s)
Downloading from rso-public-grid: https://repository.sonatype.org/content/groups/sonatype-public-grid/org/sonatype/nexus/buildsupport/nexus-buildsupport-goodies/2.7.2-01/nexus-buildsupport-goodies-2.7.2-01.pom
Progress (1): 3.6 kB                    Downloaded from rso-public-grid: https://repository.sonatype.org/content/groups/sonatype-public-grid/org/sonatype/nexus/buildsupport/nexus-buildsupport-goodies/2.7.2-01/nexus-buildsupport-goodies-2.7.2-01.pom (3.6 kB at 5.9 kB/s)
Downloading from rso-public-grid: https://repository.sonatype.org/content/groups/sonatype-public-grid/org/sonatype/nexus/buildsupport/nexus-buildsupport-groovy/2.7.2-01/nexus-buildsupport-groovy-2.7.2-01.pom
Progress (1): 2.6 kB                    Downloaded from rso-public-grid: https://repository.sonatype.org/content/groups/sonatype-public-grid/org/sonatype/nexus/buildsupport/nexus-buildsupport-groovy/2.7.2-01/nexus-buildsupport-groovy-2.7.2-01.pom (2.6 kB at 4.0 kB/s)
Downloading from rso-public-grid: https://repository.sonatype.org/content/groups/sonatype-public-grid/org/sonatype/nexus/buildsupport/nexus-buildsupport-guice/2.7.2-01/nexus-buildsupport-guice-2.7.2-01.pom
Progress (1): 3.4 kB                    Downloaded from rso-public-grid: https://repository.sonatype.org/content/groups/sonatype-public-grid/org/sonatype/nexus/buildsupport/nexus-buildsupport-guice/2.7.2-01/nexus-buildsupport-guice-2.7.2-01.pom (3.4 kB at 4.9 kB/s)
Downloading from rso-public-grid: https://repository.sonatype.org/content/groups/sonatype-public-grid/org/sonatype/nexus/buildsupport/nexus-buildsupport-logging/2.7.2-01/nexus-buildsupport-logging-2.7.2-01.pom
Progress (1): 3.1 kB                    Downloaded from rso-public-grid: https://repository.sonatype.org/content/groups/sonatype-public-grid/org/sonatype/nexus/buildsupport/nexus-buildsupport-logging/2.7.2-01/nexus-buildsupport-logging-2.7.2-01.pom (3.1 kB at 5.2 kB/s)
Downloading from rso-public-grid: https://repository.sonatype.org/content/groups/sonatype-public-grid/org/sonatype/nexus/buildsupport/nexus-buildsupport-other/2.7.2-01/nexus-buildsupport-other-2.7.2-01.pom
Progress (1): 3.8/5.0 kBProgress (1): 5.0 kB                        Downloaded from rso-public-grid: https://repository.sonatype.org/content/groups/sonatype-public-grid/org/sonatype/nexus/buildsupport/nexus-buildsupport-other/2.7.2-01/nexus-buildsupport-other-2.7.2-01.pom (5.0 kB at 8.0 kB/s)
Downloading from rso-public-grid: https://repository.sonatype.org/content/groups/sonatype-public-grid/org/sonatype/nexus/buildsupport/nexus-buildsupport-plexus/2.7.2-01/nexus-buildsupport-plexus-2.7.2-01.pom
Progress (1): 4.1/4.3 kBProgress (1): 4.3 kB                        Downloaded from rso-public-grid: https://repository.sonatype.org/content/groups/sonatype-public-grid/org/sonatype/nexus/buildsupport/nexus-buildsupport-plexus/2.7.2-01/nexus-buildsupport-plexus-2.7.2-01.pom (4.3 kB at 6.7 kB/s)
Downloading from rso-public-grid: https://repository.sonatype.org/content/groups/sonatype-public-grid/org/sonatype/nexus/buildsupport/nexus-buildsupport-rest/2.7.2-01/nexus-buildsupport-rest-2.7.2-01.pom
Progress (1): 4.1/4.4 kBProgress (1): 4.4 kB                        Downloaded from rso-public-grid: https://repository.sonatype.org/content/groups/sonatype-public-grid/org/sonatype/nexus/buildsupport/nexus-buildsupport-rest/2.7.2-01/nexus-buildsupport-rest-2.7.2-01.pom (4.4 kB at 6.5 kB/s)
Downloading from rso-public-grid: https://repository.sonatype.org/content/groups/sonatype-public-grid/org/sonatype/nexus/buildsupport/nexus-buildsupport-testing/2.7.2-01/nexus-buildsupport-testing-2.7.2-01.pom
Progress (1): 3.8/4.5 kBProgress (1): 4.5 kB                        Downloaded from rso-public-grid: https://repository.sonatype.org/content/groups/sonatype-public-grid/org/sonatype/nexus/buildsupport/nexus-buildsupport-testing/2.7.2-01/nexus-buildsupport-testing-2.7.2-01.pom (4.5 kB at 6.6 kB/s)
Downloading from rso-public-grid: https://repository.sonatype.org/content/groups/sonatype-public-grid/org/sonatype/nexus/buildsupport/nexus-buildsupport-metrics/2.7.2-01/nexus-buildsupport-metrics-2.7.2-01.pom
Progress (1): 3.0 kB                    Downloaded from rso-public-grid: https://repository.sonatype.org/content/groups/sonatype-public-grid/org/sonatype/nexus/buildsupport/nexus-buildsupport-metrics/2.7.2-01/nexus-buildsupport-metrics-2.7.2-01.pom (3.0 kB at 4.8 kB/s)
Downloading from central: https://repo.maven.apache.org/maven2/org/sonatype/nexus/plugins/nexus-restlet1x-model/2.7.2-01/nexus-restlet1x-model-2.7.2-01.pom
Progress (1): 3.5 kB                    Downloaded from central: https://repo.maven.apache.org/maven2/org/sonatype/nexus/plugins/nexus-restlet1x-model/2.7.2-01/nexus-restlet1x-model-2.7.2-01.pom (3.5 kB at 8.4 kB/s)
Downloading from central: https://repo.maven.apache.org/maven2/org/sonatype/nexus/plugins/nexus-plugins-restlet1x/2.7.2-01/nexus-plugins-restlet1x-2.7.2-01.pom
Progress (1): 4.1/6.0 kBProgress (1): 6.0 kB                        Downloaded from central: https://repo.maven.apache.org/maven2/org/sonatype/nexus/plugins/nexus-plugins-restlet1x/2.7.2-01/nexus-plugins-restlet1x-2.7.2-01.pom (6.0 kB at 37 kB/s)
Downloading from central: https://repo.maven.apache.org/maven2/org/sonatype/nexus/plugins/nexus-plugins/2.7.2-01/nexus-plugins-2.7.2-01.pom
Progress (1): 4.1/25 kBProgress (1): 8.2/25 kBProgress (1): 12/25 kB Progress (1): 16/25 kBProgress (1): 20/25 kBProgress (1): 24/25 kBProgress (1): 25 kB                      Downloaded from central: https://repo.maven.apache.org/maven2/org/sonatype/nexus/plugins/nexus-plugins/2.7.2-01/nexus-plugins-2.7.2-01.pom (25 kB at 149 kB/s)
Downloading from central: https://repo.maven.apache.org/maven2/com/thoughtworks/xstream/xstream/1.4.5/xstream-1.4.5.pom
Progress (1): 4.1/11 kBProgress (1): 8.2/11 kBProgress (1): 11 kB                       Downloaded from central: https://repo.maven.apache.org/maven2/com/thoughtworks/xstream/xstream/1.4.5/xstream-1.4.5.pom (11 kB at 63 kB/s)
Downloading from central: https://repo.maven.apache.org/maven2/com/thoughtworks/xstream/xstream-parent/1.4.5/xstream-parent-1.4.5.pom
Progress (1): 4.1/25 kBProgress (1): 8.2/25 kBProgress (1): 12/25 kB Progress (1): 16/25 kBProgress (1): 20/25 kBProgress (1): 24/25 kBProgress (1): 25 kB                      Downloaded from central: https://repo.maven.apache.org/maven2/com/thoughtworks/xstream/xstream-parent/1.4.5/xstream-parent-1.4.5.pom (25 kB at 142 kB/s)
Downloading from central: https://repo.maven.apache.org/maven2/org/sonatype/sisu/siesta/siesta-client/1.5.2/siesta-client-1.5.2.pom
Progress (1): 1.9 kB                    Downloaded from central: https://repo.maven.apache.org/maven2/org/sonatype/sisu/siesta/siesta-client/1.5.2/siesta-client-1.5.2.pom (1.9 kB at 13 kB/s)
Downloading from central: https://repo.maven.apache.org/maven2/org/sonatype/sisu/siesta/siesta/1.5.2/siesta-1.5.2.pom
Progress (1): 4.1/12 kBProgress (1): 8.2/12 kBProgress (1): 12/12 kB Progress (1): 12 kB                      Downloaded from central: https://repo.maven.apache.org/maven2/org/sonatype/sisu/siesta/siesta/1.5.2/siesta-1.5.2.pom (12 kB at 82 kB/s)
Downloading from central: https://repo.maven.apache.org/maven2/org/sonatype/buildsupport/public-parent/3/public-parent-3.pom
Progress (1): 760 B                   Downloaded from central: https://repo.maven.apache.org/maven2/org/sonatype/buildsupport/public-parent/3/public-parent-3.pom (760 B at 4.0 kB/s)
Downloading from central: https://repo.maven.apache.org/maven2/org/sonatype/buildsupport/buildsupport/3/buildsupport-3.pom
Progress (1): 4.1/23 kBProgress (1): 8.2/23 kBProgress (1): 12/23 kB Progress (1): 16/23 kBProgress (1): 20/23 kBProgress (1): 23 kB                      Downloaded from central: https://repo.maven.apache.org/maven2/org/sonatype/buildsupport/buildsupport/3/buildsupport-3.pom (23 kB at 133 kB/s)
Downloading from central: https://repo.maven.apache.org/maven2/org/sonatype/sisu/siesta/siesta-common/1.5.2/siesta-common-1.5.2.pom
Progress (1): 2.1 kB                    Downloaded from central: https://repo.maven.apache.org/maven2/org/sonatype/sisu/siesta/siesta-common/1.5.2/siesta-common-1.5.2.pom (2.1 kB at 15 kB/s)
Downloading from central: https://repo.maven.apache.org/maven2/com/sun/jersey/jersey-json/1.17.1/jersey-json-1.17.1.pom
Progress (1): 4.1/10 kBProgress (1): 8.2/10 kBProgress (1): 10 kB                       Downloaded from central: https://repo.maven.apache.org/maven2/com/sun/jersey/jersey-json/1.17.1/jersey-json-1.17.1.pom (10 kB at 69 kB/s)
Downloading from central: https://repo.maven.apache.org/maven2/org/apache/httpcomponents/httpclient/4.2.6/httpclient-4.2.6.pom
Downloaded from central: https://repo.maven.apache.org/maven2/org/apache/httpcomponents/httpclient/4.2.6/httpclient-4.2.6.pom (0 B at 0 B/s)
Downloading from central: https://repo.maven.apache.org/maven2/org/apache/httpcomponents/httpcomponents-client/4.2.6/httpcomponents-client-4.2.6.pom
Downloaded from central: https://repo.maven.apache.org/maven2/org/apache/httpcomponents/httpcomponents-client/4.2.6/httpcomponents-client-4.2.6.pom (0 B at 0 B/s)
Downloading from central: https://repo.maven.apache.org/maven2/org/apache/httpcomponents/httpcore/4.2.5/httpcore-4.2.5.pom
Downloaded from central: https://repo.maven.apache.org/maven2/org/apache/httpcomponents/httpcore/4.2.5/httpcore-4.2.5.pom (0 B at 0 B/s)
Downloading from central: https://repo.maven.apache.org/maven2/org/apache/httpcomponents/httpcomponents-core/4.2.5/httpcomponents-core-4.2.5.pom
Downloaded from central: https://repo.maven.apache.org/maven2/org/apache/httpcomponents/httpcomponents-core/4.2.5/httpcomponents-core-4.2.5.pom (0 B at 0 B/s)
Downloading from central: https://repo.maven.apache.org/maven2/org/slf4j/jcl-over-slf4j/1.7.5/jcl-over-slf4j-1.7.5.pom
Downloaded from central: https://repo.maven.apache.org/maven2/org/slf4j/jcl-over-slf4j/1.7.5/jcl-over-slf4j-1.7.5.pom (0 B at 0 B/s)
Downloading from central: https://repo.maven.apache.org/maven2/org/sonatype/spice/zapper/spice-zapper/1.2/spice-zapper-1.2.pom
Progress (1): 4.1/6.7 kBProgress (1): 6.7 kB                        Downloaded from central: https://repo.maven.apache.org/maven2/org/sonatype/spice/zapper/spice-zapper/1.2/spice-zapper-1.2.pom (6.7 kB at 42 kB/s)
Downloading from central: https://repo.maven.apache.org/maven2/org/sonatype/spice/spice-parent/20/spice-parent-20.pom
Progress (1): 4.1/9.9 kBProgress (1): 8.2/9.9 kBProgress (1): 9.9 kB                        Downloaded from central: https://repo.maven.apache.org/maven2/org/sonatype/spice/spice-parent/20/spice-parent-20.pom (9.9 kB at 63 kB/s)
Downloading from central: https://repo.maven.apache.org/maven2/org/sonatype/forge/forge-parent/12/forge-parent-12.pom
Progress (1): 4.1/14 kBProgress (1): 8.2/14 kBProgress (1): 12/14 kB Progress (1): 14 kB                      Downloaded from central: https://repo.maven.apache.org/maven2/org/sonatype/forge/forge-parent/12/forge-parent-12.pom (14 kB at 83 kB/s)
Downloading from central: https://repo.maven.apache.org/maven2/org/sonatype/sisu/sisu-charger/1.1/sisu-charger-1.1.pom
Progress (1): 2.1 kB                    Downloaded from central: https://repo.maven.apache.org/maven2/org/sonatype/sisu/sisu-charger/1.1/sisu-charger-1.1.pom (2.1 kB at 14 kB/s)
Downloading from central: https://repo.maven.apache.org/maven2/org/sonatype/spice/spice-parent/18/spice-parent-18.pom
Progress (1): 4.1/6.8 kBProgress (1): 6.8 kB                        Downloaded from central: https://repo.maven.apache.org/maven2/org/sonatype/spice/spice-parent/18/spice-parent-18.pom (6.8 kB at 41 kB/s)
Downloading from central: https://repo.maven.apache.org/maven2/org/sonatype/forge/forge-parent/11/forge-parent-11.pom
Progress (1): 4.1/14 kBProgress (1): 8.2/14 kBProgress (1): 12/14 kB Progress (1): 14 kB                      Downloaded from central: https://repo.maven.apache.org/maven2/org/sonatype/forge/forge-parent/11/forge-parent-11.pom (14 kB at 85 kB/s)
Downloading from central: https://repo.maven.apache.org/maven2/org/slf4j/slf4j-simple/1.7.5/slf4j-simple-1.7.5.pom
Downloaded from central: https://repo.maven.apache.org/maven2/org/slf4j/slf4j-simple/1.7.5/slf4j-simple-1.7.5.pom (0 B at 0 B/s)
Downloading from central: https://repo.maven.apache.org/maven2/org/sonatype/plugins/nexus-staging-maven-plugin/1.6.2/nexus-staging-maven-plugin-1.6.2.jar
Downloading from central: https://repo.maven.apache.org/maven2/com/thoughtworks/xstream/xstream/1.4.5/xstream-1.4.5.jar
Downloading from central: https://repo.maven.apache.org/maven2/org/sonatype/nexus/plugins/nexus-restlet1x-model/2.7.2-01/nexus-restlet1x-model-2.7.2-01.jar
Downloading from central: https://repo.maven.apache.org/maven2/org/sonatype/nexus/nexus-client-core/2.7.2-01/nexus-client-core-2.7.2-01.jar
Downloading from central: https://repo.maven.apache.org/maven2/org/sonatype/nexus/maven/nexus-common/1.6.2/nexus-common-1.6.2.jar
Progress (1): 4.1/16 kBProgress (2): 4.1/16 kB | 4.1/212 kBProgress (2): 8.2/16 kB | 4.1/212 kBProgress (2): 12/16 kB | 4.1/212 kB Progress (3): 12/16 kB | 4.1/212 kB | 4.1/248 kBProgress (3): 16/16 kB | 4.1/212 kB | 4.1/248 kBProgress (3): 16/16 kB | 8.2/212 kB | 4.1/248 kBProgress (4): 16/16 kB | 8.2/212 kB | 4.1/248 kB | 2.7/509 kBProgress (4): 16/16 kB | 8.2/212 kB | 8.2/248 kB | 2.7/509 kBProgress (4): 16 kB | 8.2/212 kB | 8.2/248 kB | 2.7/509 kB   Progress (4): 16 kB | 8.2/212 kB | 12/248 kB | 2.7/509 kB Progress (4): 16 kB | 12/212 kB | 12/248 kB | 2.7/509 kB Progress (4): 16 kB | 12/212 kB | 16/248 kB | 2.7/509 kBProgress (4): 16 kB | 12/212 kB | 16/248 kB | 5.5/509 kBProgress (5): 16 kB | 12/212 kB | 16/248 kB | 5.5/509 kB | 4.1/160 kBProgress (5): 16 kB | 16/212 kB | 16/248 kB | 5.5/509 kB | 4.1/160 kBProgress (5): 16 kB | 16/212 kB | 16/248 kB | 5.5/509 kB | 8.2/160 kBProgress (5): 16 kB | 20/212 kB | 16/248 kB | 5.5/509 kB | 8.2/160 kBProgress (5): 16 kB | 20/212 kB | 16/248 kB | 5.5/509 kB | 12/160 kB Progress (5): 16 kB | 20/212 kB | 16/248 kB | 8.2/509 kB | 12/160 kBProgress (5): 16 kB | 25/212 kB | 16/248 kB | 8.2/509 kB | 12/160 kBProgress (5): 16 kB | 25/212 kB | 16/248 kB | 8.2/509 kB | 16/160 kBProgress (5): 16 kB | 29/212 kB | 16/248 kB | 8.2/509 kB | 16/160 kBProgress (5): 16 kB | 29/212 kB | 16/248 kB | 11/509 kB | 16/160 kB Progress (5): 16 kB | 29/212 kB | 16/248 kB | 11/509 kB | 20/160 kBProgress (5): 16 kB | 29/212 kB | 16/248 kB | 14/509 kB | 20/160 kBProgress (5): 16 kB | 33/212 kB | 16/248 kB | 14/509 kB | 20/160 kBProgress (5): 16 kB | 33/212 kB | 16/248 kB | 14/509 kB | 24/160 kBProgress (5): 16 kB | 37/212 kB | 16/248 kB | 14/509 kB | 24/160 kBProgress (5): 16 kB | 37/212 kB | 16/248 kB | 14/509 kB | 28/160 kBProgress (5): 16 kB | 41/212 kB | 16/248 kB | 14/509 kB | 28/160 kBProgress (5): 16 kB | 41/212 kB | 16/248 kB | 14/509 kB | 32/160 kBProgress (5): 16 kB | 45/212 kB | 16/248 kB | 14/509 kB | 32/160 kBProgress (5): 16 kB | 45/212 kB | 20/248 kB | 14/509 kB | 32/160 kBProgress (5): 16 kB | 49/212 kB | 20/248 kB | 14/509 kB | 32/160 kBProgress (5): 16 kB | 49/212 kB | 20/248 kB | 14/509 kB | 36/160 kBProgress (5): 16 kB | 49/212 kB | 24/248 kB | 14/509 kB | 36/160 kBProgress (5): 16 kB | 53/212 kB | 24/248 kB | 14/509 kB | 36/160 kBProgress (5): 16 kB | 53/212 kB | 24/248 kB | 14/509 kB | 40/160 kBProgress (5): 16 kB | 57/212 kB | 24/248 kB | 14/509 kB | 40/160 kBProgress (5): 16 kB | 57/212 kB | 28/248 kB | 14/509 kB | 40/160 kBProgress (5): 16 kB | 57/212 kB | 28/248 kB | 14/509 kB | 45/160 kBProgress (5): 16 kB | 61/212 kB | 28/248 kB | 14/509 kB | 45/160 kBProgress (5): 16 kB | 61/212 kB | 32/248 kB | 14/509 kB | 45/160 kBProgress (5): 16 kB | 61/212 kB | 32/248 kB | 14/509 kB | 49/160 kBProgress (5): 16 kB | 66/212 kB | 32/248 kB | 14/509 kB | 49/160 kBProgress (5): 16 kB | 66/212 kB | 32/248 kB | 14/509 kB | 53/160 kBProgress (5): 16 kB | 70/212 kB | 32/248 kB | 14/509 kB | 53/160 kBProgress (5): 16 kB | 70/212 kB | 32/248 kB | 14/509 kB | 57/160 kBProgress (5): 16 kB | 74/212 kB | 32/248 kB | 14/509 kB | 57/160 kBProgress (5): 16 kB | 74/212 kB | 36/248 kB | 14/509 kB | 57/160 kBProgress (5): 16 kB | 74/212 kB | 36/248 kB | 14/509 kB | 61/160 kBProgress (5): 16 kB | 78/212 kB | 36/248 kB | 14/509 kB | 61/160 kBProgress (5): 16 kB | 78/212 kB | 40/248 kB | 14/509 kB | 61/160 kBProgress (5): 16 kB | 78/212 kB | 40/248 kB | 14/509 kB | 65/160 kBProgress (5): 16 kB | 82/212 kB | 40/248 kB | 14/509 kB | 65/160 kBProgress (5): 16 kB | 82/212 kB | 45/248 kB | 14/509 kB | 65/160 kBProgress (5): 16 kB | 82/212 kB | 45/248 kB | 14/509 kB | 69/160 kBProgress (5): 16 kB | 86/212 kB | 45/248 kB | 14/509 kB | 69/160 kBProgress (5): 16 kB | 86/212 kB | 49/248 kB | 14/509 kB | 69/160 kBProgress (5): 16 kB | 86/212 kB | 49/248 kB | 14/509 kB | 73/160 kBProgress (5): 16 kB | 90/212 kB | 49/248 kB | 14/509 kB | 73/160 kBProgress (5): 16 kB | 90/212 kB | 49/248 kB | 14/509 kB | 77/160 kBProgress (5): 16 kB | 94/212 kB | 49/248 kB | 14/509 kB | 77/160 kBProgress (5): 16 kB | 94/212 kB | 49/248 kB | 16/509 kB | 77/160 kBProgress (5): 16 kB | 94/212 kB | 49/248 kB | 16/509 kB | 81/160 kBProgress (5): 16 kB | 98/212 kB | 49/248 kB | 16/509 kB | 81/160 kBProgress (5): 16 kB | 102/212 kB | 49/248 kB | 16/509 kB | 81/160 kBProgress (5): 16 kB | 102/212 kB | 49/248 kB | 16/509 kB | 85/160 kBProgress (5): 16 kB | 106/212 kB | 49/248 kB | 16/509 kB | 85/160 kBProgress (5): 16 kB | 111/212 kB | 49/248 kB | 16/509 kB | 85/160 kBProgress (5): 16 kB | 111/212 kB | 49/248 kB | 16/509 kB | 90/160 kBProgress (5): 16 kB | 115/212 kB | 49/248 kB | 16/509 kB | 90/160 kBProgress (5): 16 kB | 115/212 kB | 49/248 kB | 16/509 kB | 94/160 kBProgress (5): 16 kB | 115/212 kB | 49/248 kB | 16/509 kB | 98/160 kBProgress (5): 16 kB | 119/212 kB | 49/248 kB | 16/509 kB | 98/160 kBProgress (5): 16 kB | 119/212 kB | 53/248 kB | 16/509 kB | 98/160 kBProgress (5): 16 kB | 123/212 kB | 53/248 kB | 16/509 kB | 98/160 kBProgress (5): 16 kB | 123/212 kB | 53/248 kB | 16/509 kB | 102/160 kBProgress (5): 16 kB | 123/212 kB | 57/248 kB | 16/509 kB | 102/160 kBProgress (5): 16 kB | 127/212 kB | 57/248 kB | 16/509 kB | 102/160 kBProgress (5): 16 kB | 127/212 kB | 57/248 kB | 16/509 kB | 106/160 kBProgress (5): 16 kB | 127/212 kB | 61/248 kB | 16/509 kB | 106/160 kBProgress (5): 16 kB | 131/212 kB | 61/248 kB | 16/509 kB | 106/160 kBProgress (5): 16 kB | 131/212 kB | 61/248 kB | 16/509 kB | 110/160 kBProgress (5): 16 kB | 131/212 kB | 65/248 kB | 16/509 kB | 110/160 kBProgress (5): 16 kB | 131/212 kB | 65/248 kB | 20/509 kB | 110/160 kBProgress (5): 16 kB | 131/212 kB | 65/248 kB | 20/509 kB | 114/160 kBProgress (5): 16 kB | 131/212 kB | 69/248 kB | 20/509 kB | 114/160 kBProgress (5): 16 kB | 131/212 kB | 69/248 kB | 24/509 kB | 114/160 kBProgress (5): 16 kB | 131/212 kB | 69/248 kB | 24/509 kB | 118/160 kBProgress (5): 16 kB | 131/212 kB | 73/248 kB | 24/509 kB | 118/160 kBProgress (5): 16 kB | 131/212 kB | 73/248 kB | 28/509 kB | 118/160 kBProgress (5): 16 kB | 131/212 kB | 73/248 kB | 28/509 kB | 122/160 kBProgress (5): 16 kB | 131/212 kB | 73/248 kB | 32/509 kB | 122/160 kBProgress (5): 16 kB | 131/212 kB | 77/248 kB | 32/509 kB | 122/160 kBProgress (5): 16 kB | 131/212 kB | 77/248 kB | 32/509 kB | 126/160 kBProgress (5): 16 kB | 131/212 kB | 77/248 kB | 36/509 kB | 126/160 kBProgress (5): 16 kB | 131/212 kB | 81/248 kB | 36/509 kB | 126/160 kBProgress (5): 16 kB | 131/212 kB | 81/248 kB | 36/509 kB | 131/160 kBProgress (5): 16 kB | 131/212 kB | 81/248 kB | 40/509 kB | 131/160 kBProgress (5): 16 kB | 131/212 kB | 85/248 kB | 40/509 kB | 131/160 kBProgress (5): 16 kB | 131/212 kB | 85/248 kB | 45/509 kB | 131/160 kBProgress (5): 16 kB | 131/212 kB | 85/248 kB | 45/509 kB | 135/160 kB                                                                     Downloaded from central: https://repo.maven.apache.org/maven2/org/sonatype/nexus/maven/nexus-common/1.6.2/nexus-common-1.6.2.jar (16 kB at 87 kB/s)
Downloading from central: https://repo.maven.apache.org/maven2/org/sonatype/sisu/siesta/siesta-client/1.5.2/siesta-client-1.5.2.jar
Progress (4): 131/212 kB | 85/248 kB | 45/509 kB | 139/160 kBProgress (4): 131/212 kB | 85/248 kB | 49/509 kB | 139/160 kBProgress (4): 131/212 kB | 90/248 kB | 49/509 kB | 139/160 kBProgress (4): 135/212 kB | 90/248 kB | 49/509 kB | 139/160 kBProgress (4): 135/212 kB | 90/248 kB | 49/509 kB | 143/160 kBProgress (4): 135/212 kB | 90/248 kB | 53/509 kB | 143/160 kBProgress (4): 135/212 kB | 94/248 kB | 53/509 kB | 143/160 kBProgress (4): 135/212 kB | 94/248 kB | 53/509 kB | 147/160 kBProgress (4): 139/212 kB | 94/248 kB | 53/509 kB | 147/160 kBProgress (4): 139/212 kB | 98/248 kB | 53/509 kB | 147/160 kBProgress (4): 139/212 kB | 98/248 kB | 57/509 kB | 147/160 kBProgress (4): 143/212 kB | 98/248 kB | 57/509 kB | 147/160 kBProgress (4): 143/212 kB | 98/248 kB | 57/509 kB | 151/160 kBProgress (4): 147/212 kB | 98/248 kB | 57/509 kB | 151/160 kBProgress (4): 147/212 kB | 98/248 kB | 61/509 kB | 151/160 kBProgress (4): 147/212 kB | 102/248 kB | 61/509 kB | 151/160 kBProgress (4): 147/212 kB | 102/248 kB | 61/509 kB | 155/160 kBProgress (4): 147/212 kB | 102/248 kB | 65/509 kB | 155/160 kBProgress (4): 147/212 kB | 106/248 kB | 65/509 kB | 155/160 kBProgress (4): 147/212 kB | 106/248 kB | 65/509 kB | 159/160 kBProgress (4): 147/212 kB | 106/248 kB | 69/509 kB | 159/160 kBProgress (4): 147/212 kB | 106/248 kB | 69/509 kB | 160 kB    Progress (4): 147/212 kB | 110/248 kB | 69/509 kB | 160 kBProgress (4): 147/212 kB | 110/248 kB | 73/509 kB | 160 kBProgress (4): 147/212 kB | 114/248 kB | 73/509 kB | 160 kBProgress (4): 147/212 kB | 114/248 kB | 77/509 kB | 160 kBProgress (4): 147/212 kB | 118/248 kB | 77/509 kB | 160 kBProgress (4): 147/212 kB | 118/248 kB | 81/509 kB | 160 kBProgress (4): 147/212 kB | 122/248 kB | 81/509 kB | 160 kBProgress (4): 147/212 kB | 122/248 kB | 85/509 kB | 160 kBProgress (4): 147/212 kB | 126/248 kB | 85/509 kB | 160 kBProgress (4): 147/212 kB | 126/248 kB | 90/509 kB | 160 kBProgress (4): 147/212 kB | 131/248 kB | 90/509 kB | 160 kBProgress (4): 147/212 kB | 131/248 kB | 94/509 kB | 160 kBProgress (4): 147/212 kB | 131/248 kB | 98/509 kB | 160 kBProgress (4): 147/212 kB | 135/248 kB | 98/509 kB | 160 kBProgress (4): 147/212 kB | 135/248 kB | 102/509 kB | 160 kBProgress (4): 147/212 kB | 139/248 kB | 102/509 kB | 160 kBProgress (4): 147/212 kB | 139/248 kB | 106/509 kB | 160 kBProgress (4): 147/212 kB | 143/248 kB | 106/509 kB | 160 kBProgress (4): 147/212 kB | 143/248 kB | 110/509 kB | 160 kBProgress (4): 147/212 kB | 147/248 kB | 110/509 kB | 160 kBProgress (4): 147/212 kB | 147/248 kB | 114/509 kB | 160 kBProgress (4): 147/212 kB | 151/248 kB | 114/509 kB | 160 kBProgress (4): 147/212 kB | 155/248 kB | 114/509 kB | 160 kBProgress (4): 147/212 kB | 155/248 kB | 118/509 kB | 160 kBProgress (4): 147/212 kB | 159/248 kB | 118/509 kB | 160 kBProgress (4): 147/212 kB | 159/248 kB | 122/509 kB | 160 kBProgress (4): 147/212 kB | 163/248 kB | 122/509 kB | 160 kBProgress (4): 147/212 kB | 163/248 kB | 126/509 kB | 160 kBProgress (4): 147/212 kB | 167/248 kB | 126/509 kB | 160 kBProgress (4): 147/212 kB | 167/248 kB | 131/509 kB | 160 kBProgress (4): 147/212 kB | 171/248 kB | 131/509 kB | 160 kBProgress (4): 147/212 kB | 171/248 kB | 135/509 kB | 160 kBProgress (4): 147/212 kB | 176/248 kB | 135/509 kB | 160 kBProgress (4): 147/212 kB | 176/248 kB | 139/509 kB | 160 kBProgress (4): 147/212 kB | 180/248 kB | 139/509 kB | 160 kBProgress (4): 147/212 kB | 180/248 kB | 143/509 kB | 160 kBProgress (4): 147/212 kB | 184/248 kB | 143/509 kB | 160 kBProgress (4): 147/212 kB | 184/248 kB | 147/509 kB | 160 kBProgress (4): 147/212 kB | 188/248 kB | 147/509 kB | 160 kBProgress (4): 147/212 kB | 188/248 kB | 151/509 kB | 160 kBProgress (4): 147/212 kB | 192/248 kB | 151/509 kB | 160 kBProgress (4): 147/212 kB | 192/248 kB | 155/509 kB | 160 kBProgress (4): 147/212 kB | 196/248 kB | 155/509 kB | 160 kBProgress (4): 147/212 kB | 196/248 kB | 159/509 kB | 160 kBProgress (4): 147/212 kB | 200/248 kB | 159/509 kB | 160 kBProgress (4): 147/212 kB | 200/248 kB | 163/509 kB | 160 kBProgress (4): 147/212 kB | 204/248 kB | 163/509 kB | 160 kBProgress (4): 152/212 kB | 204/248 kB | 163/509 kB | 160 kBProgress (4): 152/212 kB | 204/248 kB | 167/509 kB | 160 kBProgress (4): 156/212 kB | 204/248 kB | 167/509 kB | 160 kBProgress (4): 156/212 kB | 208/248 kB | 167/509 kB | 160 kBProgress (4): 156/212 kB | 208/248 kB | 171/509 kB | 160 kBProgress (4): 160/212 kB | 208/248 kB | 171/509 kB | 160 kBProgress (4): 160/212 kB | 212/248 kB | 171/509 kB | 160 kBProgress (4): 164/212 kB | 212/248 kB | 171/509 kB | 160 kBProgress (4): 164/212 kB | 212/248 kB | 176/509 kB | 160 kBProgress (4): 164/212 kB | 217/248 kB | 176/509 kB | 160 kBProgress (4): 164/212 kB | 217/248 kB | 180/509 kB | 160 kBProgress (4): 164/212 kB | 221/248 kB | 180/509 kB | 160 kBProgress (4): 164/212 kB | 221/248 kB | 184/509 kB | 160 kBProgress (4): 164/212 kB | 225/248 kB | 184/509 kB | 160 kBProgress (4): 164/212 kB | 225/248 kB | 188/509 kB | 160 kBProgress (4): 164/212 kB | 229/248 kB | 188/509 kB | 160 kBProgress (4): 164/212 kB | 229/248 kB | 192/509 kB | 160 kBProgress (4): 164/212 kB | 233/248 kB | 192/509 kB | 160 kBProgress (4): 164/212 kB | 233/248 kB | 196/509 kB | 160 kBProgress (4): 164/212 kB | 237/248 kB | 196/509 kB | 160 kBProgress (4): 164/212 kB | 237/248 kB | 200/509 kB | 160 kBProgress (4): 164/212 kB | 241/248 kB | 200/509 kB | 160 kBProgress (4): 164/212 kB | 241/248 kB | 204/509 kB | 160 kBProgress (4): 164/212 kB | 245/248 kB | 204/509 kB | 160 kBProgress (4): 164/212 kB | 245/248 kB | 208/509 kB | 160 kBProgress (4): 164/212 kB | 248 kB | 208/509 kB | 160 kB    Progress (4): 164/212 kB | 248 kB | 212/509 kB | 160 kBProgress (4): 164/212 kB | 248 kB | 217/509 kB | 160 kBProgress (4): 164/212 kB | 248 kB | 221/509 kB | 160 kBProgress (4): 164/212 kB | 248 kB | 225/509 kB | 160 kBProgress (4): 164/212 kB | 248 kB | 229/509 kB | 160 kBProgress (4): 164/212 kB | 248 kB | 233/509 kB | 160 kBProgress (4): 164/212 kB | 248 kB | 237/509 kB | 160 kBProgress (4): 164/212 kB | 248 kB | 241/509 kB | 160 kBProgress (4): 164/212 kB | 248 kB | 245/509 kB | 160 kBProgress (5): 164/212 kB | 248 kB | 245/509 kB | 160 kB | 4.1/20 kBProgress (5): 164/212 kB | 248 kB | 249/509 kB | 160 kB | 4.1/20 kBProgress (5): 164/212 kB | 248 kB | 249/509 kB | 160 kB | 8.2/20 kBProgress (5): 164/212 kB | 248 kB | 253/509 kB | 160 kB | 8.2/20 kBProgress (5): 164/212 kB | 248 kB | 253/509 kB | 160 kB | 12/20 kB Progress (5): 164/212 kB | 248 kB | 258/509 kB | 160 kB | 12/20 kBProgress (5): 164/212 kB | 248 kB | 258/509 kB | 160 kB | 16/20 kBProgress (5): 164/212 kB | 248 kB | 262/509 kB | 160 kB | 16/20 kBProgress (5): 164/212 kB | 248 kB | 262/509 kB | 160 kB | 20/20 kBProgress (5): 164/212 kB | 248 kB | 266/509 kB | 160 kB | 20/20 kBProgress (5): 164/212 kB | 248 kB | 266/509 kB | 160 kB | 20 kB   Progress (5): 164/212 kB | 248 kB | 270/509 kB | 160 kB | 20 kBProgress (5): 164/212 kB | 248 kB | 274/509 kB | 160 kB | 20 kBProgress (5): 164/212 kB | 248 kB | 278/509 kB | 160 kB | 20 kBProgress (5): 164/212 kB | 248 kB | 282/509 kB | 160 kB | 20 kB                                                               Downloaded from central: https://repo.maven.apache.org/maven2/org/sonatype/nexus/plugins/nexus-restlet1x-model/2.7.2-01/nexus-restlet1x-model-2.7.2-01.jar (160 kB at 555 kB/s)
Progress (4): 164/212 kB | 248 kB | 286/509 kB | 20 kB                                                      Downloading from central: https://repo.maven.apache.org/maven2/org/sonatype/sisu/siesta/siesta-common/1.5.2/siesta-common-1.5.2.jar
Progress (4): 164/212 kB | 248 kB | 290/509 kB | 20 kBProgress (4): 164/212 kB | 248 kB | 294/509 kB | 20 kBProgress (4): 168/212 kB | 248 kB | 294/509 kB | 20 kBProgress (4): 168/212 kB | 248 kB | 298/509 kB | 20 kBProgress (4): 172/212 kB | 248 kB | 298/509 kB | 20 kBProgress (4): 172/212 kB | 248 kB | 303/509 kB | 20 kBProgress (4): 176/212 kB | 248 kB | 303/509 kB | 20 kBProgress (4): 176/212 kB | 248 kB | 307/509 kB | 20 kBProgress (4): 180/212 kB | 248 kB | 307/509 kB | 20 kBProgress (4): 180/212 kB | 248 kB | 311/509 kB | 20 kBProgress (4): 184/212 kB | 248 kB | 311/509 kB | 20 kBProgress (4): 188/212 kB | 248 kB | 311/509 kB | 20 kBProgress (4): 188/212 kB | 248 kB | 315/509 kB | 20 kBProgress (4): 193/212 kB | 248 kB | 315/509 kB | 20 kBProgress (4): 193/212 kB | 248 kB | 319/509 kB | 20 kBProgress (4): 197/212 kB | 248 kB | 319/509 kB | 20 kBProgress (4): 197/212 kB | 248 kB | 323/509 kB | 20 kBProgress (4): 201/212 kB | 248 kB | 323/509 kB | 20 kBProgress (4): 205/212 kB | 248 kB | 323/509 kB | 20 kBProgress (4): 205/212 kB | 248 kB | 327/509 kB | 20 kBProgress (4): 209/212 kB | 248 kB | 327/509 kB | 20 kBProgress (4): 212 kB | 248 kB | 327/509 kB | 20 kB    Progress (4): 212 kB | 248 kB | 331/509 kB | 20 kBProgress (4): 212 kB | 248 kB | 335/509 kB | 20 kBProgress (4): 212 kB | 248 kB | 339/509 kB | 20 kBProgress (4): 212 kB | 248 kB | 344/509 kB | 20 kBProgress (4): 212 kB | 248 kB | 348/509 kB | 20 kBProgress (4): 212 kB | 248 kB | 352/509 kB | 20 kBProgress (4): 212 kB | 248 kB | 356/509 kB | 20 kBProgress (4): 212 kB | 248 kB | 360/509 kB | 20 kB                                                  Downloaded from central: https://repo.maven.apache.org/maven2/org/sonatype/sisu/siesta/siesta-client/1.5.2/siesta-client-1.5.2.jar (20 kB at 56 kB/s)
Progress (3): 212 kB | 248 kB | 364/509 kB                                          Downloading from central: https://repo.maven.apache.org/maven2/com/sun/jersey/jersey-json/1.17.1/jersey-json-1.17.1.jar
Progress (3): 212 kB | 248 kB | 368/509 kBProgress (3): 212 kB | 248 kB | 372/509 kBProgress (3): 212 kB | 248 kB | 376/509 kBProgress (3): 212 kB | 248 kB | 380/509 kBProgress (3): 212 kB | 248 kB | 384/509 kBProgress (3): 212 kB | 248 kB | 389/509 kBProgress (3): 212 kB | 248 kB | 393/509 kBProgress (3): 212 kB | 248 kB | 397/509 kBProgress (3): 212 kB | 248 kB | 401/509 kBProgress (3): 212 kB | 248 kB | 405/509 kBProgress (3): 212 kB | 248 kB | 409/509 kBProgress (3): 212 kB | 248 kB | 413/509 kBProgress (3): 212 kB | 248 kB | 417/509 kBProgress (3): 212 kB | 248 kB | 421/509 kBProgress (3): 212 kB | 248 kB | 425/509 kBProgress (3): 212 kB | 248 kB | 430/509 kBProgress (3): 212 kB | 248 kB | 434/509 kBProgress (3): 212 kB | 248 kB | 438/509 kBProgress (3): 212 kB | 248 kB | 442/509 kBProgress (3): 212 kB | 248 kB | 446/509 kBProgress (4): 212 kB | 248 kB | 446/509 kB | 4.1/11 kBProgress (4): 212 kB | 248 kB | 450/509 kB | 4.1/11 kBProgress (4): 212 kB | 248 kB | 454/509 kB | 4.1/11 kBProgress (4): 212 kB | 248 kB | 454/509 kB | 8.2/11 kBProgress (4): 212 kB | 248 kB | 458/509 kB | 8.2/11 kBProgress (4): 212 kB | 248 kB | 458/509 kB | 11 kB    Progress (4): 212 kB | 248 kB | 462/509 kB | 11 kBProgress (4): 212 kB | 248 kB | 466/509 kB | 11 kBProgress (4): 212 kB | 248 kB | 470/509 kB | 11 kBProgress (4): 212 kB | 248 kB | 475/509 kB | 11 kBProgress (4): 212 kB | 248 kB | 479/509 kB | 11 kBProgress (4): 212 kB | 248 kB | 483/509 kB | 11 kBProgress (4): 212 kB | 248 kB | 487/509 kB | 11 kBProgress (4): 212 kB | 248 kB | 491/509 kB | 11 kBProgress (4): 212 kB | 248 kB | 495/509 kB | 11 kBProgress (4): 212 kB | 248 kB | 499/509 kB | 11 kBProgress (4): 212 kB | 248 kB | 503/509 kB | 11 kBProgress (4): 212 kB | 248 kB | 507/509 kB | 11 kBProgress (4): 212 kB | 248 kB | 509 kB | 11 kB                                                  Downloaded from central: https://repo.maven.apache.org/maven2/org/sonatype/nexus/nexus-client-core/2.7.2-01/nexus-client-core-2.7.2-01.jar (212 kB at 497 kB/s)
Downloading from central: https://repo.maven.apache.org/maven2/org/apache/httpcomponents/httpclient/4.2.6/httpclient-4.2.6.jar
Progress (4): 248 kB | 509 kB | 11 kB | 4.1/164 kBProgress (4): 248 kB | 509 kB | 11 kB | 8.2/164 kBProgress (4): 248 kB | 509 kB | 11 kB | 12/164 kB Progress (4): 248 kB | 509 kB | 11 kB | 16/164 kBProgress (4): 248 kB | 509 kB | 11 kB | 20/164 kBProgress (4): 248 kB | 509 kB | 11 kB | 24/164 kBProgress (4): 248 kB | 509 kB | 11 kB | 28/164 kBProgress (4): 248 kB | 509 kB | 11 kB | 32/164 kBProgress (4): 248 kB | 509 kB | 11 kB | 36/164 kBProgress (4): 248 kB | 509 kB | 11 kB | 40/164 kBProgress (4): 248 kB | 509 kB | 11 kB | 45/164 kBProgress (4): 248 kB | 509 kB | 11 kB | 49/164 kBProgress (4): 248 kB | 509 kB | 11 kB | 53/164 kBProgress (4): 248 kB | 509 kB | 11 kB | 57/164 kBProgress (4): 248 kB | 509 kB | 11 kB | 61/164 kBProgress (4): 248 kB | 509 kB | 11 kB | 65/164 kBProgress (4): 248 kB | 509 kB | 11 kB | 69/164 kBProgress (4): 248 kB | 509 kB | 11 kB | 73/164 kBProgress (4): 248 kB | 509 kB | 11 kB | 77/164 kBProgress (4): 248 kB | 509 kB | 11 kB | 81/164 kBProgress (4): 248 kB | 509 kB | 11 kB | 85/164 kBProgress (4): 248 kB | 509 kB | 11 kB | 90/164 kBProgress (4): 248 kB | 509 kB | 11 kB | 94/164 kBProgress (4): 248 kB | 509 kB | 11 kB | 98/164 kBProgress (4): 248 kB | 509 kB | 11 kB | 102/164 kB                                                  Downloaded from central: https://repo.maven.apache.org/maven2/org/sonatype/sisu/siesta/siesta-common/1.5.2/siesta-common-1.5.2.jar (11 kB at 22 kB/s)
Downloading from central: https://repo.maven.apache.org/maven2/org/apache/httpcomponents/httpcore/4.2.5/httpcore-4.2.5.jar
Progress (3): 248 kB | 509 kB | 106/164 kBProgress (4): 248 kB | 509 kB | 106/164 kB | 4.1/436 kBProgress (4): 248 kB | 509 kB | 110/164 kB | 4.1/436 kB                                                       Downloaded from central: https://repo.maven.apache.org/maven2/com/thoughtworks/xstream/xstream/1.4.5/xstream-1.4.5.jar (509 kB at 977 kB/s)
Progress (3): 248 kB | 114/164 kB | 4.1/436 kBProgress (3): 248 kB | 114/164 kB | 8.2/436 kB                                              Downloading from central: https://repo.maven.apache.org/maven2/org/slf4j/jcl-over-slf4j/1.7.5/jcl-over-slf4j-1.7.5.jar
Progress (3): 248 kB | 114/164 kB | 12/436 kBProgress (3): 248 kB | 118/164 kB | 12/436 kBProgress (3): 248 kB | 118/164 kB | 16/436 kBProgress (3): 248 kB | 122/164 kB | 16/436 kBProgress (3): 248 kB | 122/164 kB | 20/436 kBProgress (3): 248 kB | 126/164 kB | 20/436 kBProgress (3): 248 kB | 126/164 kB | 24/436 kBProgress (3): 248 kB | 131/164 kB | 24/436 kBProgress (3): 248 kB | 131/164 kB | 28/436 kBProgress (3): 248 kB | 135/164 kB | 28/436 kBProgress (3): 248 kB | 135/164 kB | 32/436 kBProgress (3): 248 kB | 139/164 kB | 32/436 kBProgress (3): 248 kB | 139/164 kB | 36/436 kBProgress (3): 248 kB | 143/164 kB | 36/436 kBProgress (3): 248 kB | 143/164 kB | 40/436 kBProgress (3): 248 kB | 147/164 kB | 40/436 kBProgress (3): 248 kB | 147/164 kB | 45/436 kBProgress (3): 248 kB | 151/164 kB | 45/436 kBProgress (3): 248 kB | 151/164 kB | 49/436 kBProgress (3): 248 kB | 155/164 kB | 49/436 kBProgress (3): 248 kB | 155/164 kB | 53/436 kBProgress (3): 248 kB | 159/164 kB | 53/436 kBProgress (3): 248 kB | 159/164 kB | 57/436 kBProgress (3): 248 kB | 163/164 kB | 57/436 kBProgress (3): 248 kB | 163/164 kB | 61/436 kBProgress (3): 248 kB | 164 kB | 61/436 kB    Progress (3): 248 kB | 164 kB | 65/436 kBProgress (3): 248 kB | 164 kB | 69/436 kBProgress (3): 248 kB | 164 kB | 73/436 kBProgress (3): 248 kB | 164 kB | 77/436 kBProgress (3): 248 kB | 164 kB | 81/436 kBProgress (3): 248 kB | 164 kB | 85/436 kBProgress (3): 248 kB | 164 kB | 90/436 kBProgress (3): 248 kB | 164 kB | 94/436 kBProgress (3): 248 kB | 164 kB | 98/436 kBProgress (3): 248 kB | 164 kB | 102/436 kBProgress (3): 248 kB | 164 kB | 106/436 kB                                          Downloaded from central: https://repo.maven.apache.org/maven2/org/apache/httpcomponents/httpcore/4.2.5/httpcore-4.2.5.jar (0 B at 0 B/s)
Progress (3): 248 kB | 164 kB | 110/436 kB                                          Downloading from central: https://repo.maven.apache.org/maven2/org/sonatype/spice/zapper/spice-zapper/1.2/spice-zapper-1.2.jar
Progress (3): 248 kB | 164 kB | 114/436 kBProgress (3): 248 kB | 164 kB | 118/436 kBProgress (3): 248 kB | 164 kB | 122/436 kBProgress (3): 248 kB | 164 kB | 126/436 kBProgress (3): 248 kB | 164 kB | 131/436 kBProgress (3): 248 kB | 164 kB | 135/436 kBProgress (3): 248 kB | 164 kB | 139/436 kBProgress (3): 248 kB | 164 kB | 143/436 kBProgress (3): 248 kB | 164 kB | 147/436 kBProgress (3): 248 kB | 164 kB | 151/436 kBProgress (3): 248 kB | 164 kB | 155/436 kBProgress (3): 248 kB | 164 kB | 159/436 kBProgress (3): 248 kB | 164 kB | 163/436 kBProgress (3): 248 kB | 164 kB | 167/436 kBProgress (3): 248 kB | 164 kB | 171/436 kBProgress (3): 248 kB | 164 kB | 176/436 kBProgress (3): 248 kB | 164 kB | 180/436 kB                                          Downloaded from central: https://repo.maven.apache.org/maven2/org/sonatype/plugins/nexus-staging-maven-plugin/1.6.2/nexus-staging-maven-plugin-1.6.2.jar (248 kB at 420 kB/s)
Downloading from central: https://repo.maven.apache.org/maven2/org/sonatype/sisu/sisu-charger/1.1/sisu-charger-1.1.jar
Progress (2): 164 kB | 184/436 kBProgress (2): 164 kB | 188/436 kBProgress (2): 164 kB | 192/436 kBProgress (2): 164 kB | 196/436 kBProgress (2): 164 kB | 200/436 kBProgress (2): 164 kB | 204/436 kBProgress (2): 164 kB | 208/436 kBProgress (2): 164 kB | 212/436 kBProgress (2): 164 kB | 217/436 kBProgress (2): 164 kB | 221/436 kBProgress (2): 164 kB | 225/436 kBProgress (2): 164 kB | 229/436 kBProgress (2): 164 kB | 233/436 kBProgress (2): 164 kB | 237/436 kBProgress (2): 164 kB | 241/436 kBProgress (2): 164 kB | 245/436 kBProgress (2): 164 kB | 249/436 kBProgress (2): 164 kB | 253/436 kBProgress (2): 164 kB | 258/436 kBProgress (2): 164 kB | 262/436 kBProgress (2): 164 kB | 266/436 kBProgress (2): 164 kB | 270/436 kBProgress (2): 164 kB | 274/436 kBProgress (2): 164 kB | 278/436 kBProgress (2): 164 kB | 282/436 kBProgress (3): 164 kB | 282/436 kB | 4.1/17 kBProgress (3): 164 kB | 286/436 kB | 4.1/17 kB                                             Downloaded from central: https://repo.maven.apache.org/maven2/com/sun/jersey/jersey-json/1.17.1/jersey-json-1.17.1.jar (164 kB at 261 kB/s)
Progress (2): 286/436 kB | 8.2/17 kBProgress (2): 290/436 kB | 8.2/17 kBProgress (2): 290/436 kB | 12/17 kB                                    Downloading from central: https://repo.maven.apache.org/maven2/org/slf4j/slf4j-simple/1.7.5/slf4j-simple-1.7.5.jar
Progress (2): 294/436 kB | 12/17 kBProgress (2): 294/436 kB | 16/17 kBProgress (2): 294/436 kB | 17 kB   Progress (2): 298/436 kB | 17 kBProgress (2): 303/436 kB | 17 kBProgress (2): 307/436 kB | 17 kBProgress (3): 307/436 kB | 17 kB | 4.1/168 kBProgress (3): 311/436 kB | 17 kB | 4.1/168 kBProgress (3): 311/436 kB | 17 kB | 8.2/168 kBProgress (3): 315/436 kB | 17 kB | 8.2/168 kBProgress (3): 315/436 kB | 17 kB | 12/168 kB Progress (3): 315/436 kB | 17 kB | 16/168 kBProgress (3): 319/436 kB | 17 kB | 16/168 kBProgress (3): 319/436 kB | 17 kB | 20/168 kBProgress (3): 319/436 kB | 17 kB | 25/168 kBProgress (3): 323/436 kB | 17 kB | 25/168 kBProgress (3): 323/436 kB | 17 kB | 29/168 kBProgress (3): 323/436 kB | 17 kB | 33/168 kBProgress (3): 327/436 kB | 17 kB | 33/168 kBProgress (3): 327/436 kB | 17 kB | 37/168 kBProgress (3): 331/436 kB | 17 kB | 37/168 kBProgress (3): 331/436 kB | 17 kB | 41/168 kBProgress (3): 331/436 kB | 17 kB | 45/168 kBProgress (3): 335/436 kB | 17 kB | 45/168 kBProgress (3): 335/436 kB | 17 kB | 49/168 kBProgress (3): 339/436 kB | 17 kB | 49/168 kBProgress (3): 339/436 kB | 17 kB | 53/168 kBProgress (3): 344/436 kB | 17 kB | 53/168 kBProgress (3): 344/436 kB | 17 kB | 57/168 kBProgress (3): 348/436 kB | 17 kB | 57/168 kBProgress (3): 348/436 kB | 17 kB | 61/168 kBProgress (3): 352/436 kB | 17 kB | 61/168 kBProgress (3): 352/436 kB | 17 kB | 66/168 kBProgress (3): 352/436 kB | 17 kB | 70/168 kBProgress (3): 356/436 kB | 17 kB | 70/168 kBProgress (3): 356/436 kB | 17 kB | 74/168 kB                                            Downloaded from central: https://repo.maven.apache.org/maven2/org/slf4j/slf4j-simple/1.7.5/slf4j-simple-1.7.5.jar (0 B at 0 B/s)
Progress (3): 356/436 kB | 17 kB | 78/168 kBProgress (3): 360/436 kB | 17 kB | 78/168 kBProgress (3): 360/436 kB | 17 kB | 82/168 kBProgress (3): 360/436 kB | 17 kB | 86/168 kBProgress (3): 364/436 kB | 17 kB | 86/168 kBProgress (3): 364/436 kB | 17 kB | 90/168 kBProgress (3): 368/436 kB | 17 kB | 90/168 kBProgress (3): 368/436 kB | 17 kB | 94/168 kBProgress (3): 372/436 kB | 17 kB | 94/168 kBProgress (3): 372/436 kB | 17 kB | 98/168 kBProgress (3): 376/436 kB | 17 kB | 98/168 kBProgress (3): 376/436 kB | 17 kB | 102/168 kBProgress (3): 376/436 kB | 17 kB | 106/168 kBProgress (3): 380/436 kB | 17 kB | 106/168 kBProgress (3): 380/436 kB | 17 kB | 111/168 kBProgress (3): 384/436 kB | 17 kB | 111/168 kBProgress (3): 384/436 kB | 17 kB | 115/168 kB                                             Downloaded from central: https://repo.maven.apache.org/maven2/org/slf4j/jcl-over-slf4j/1.7.5/jcl-over-slf4j-1.7.5.jar (17 kB at 23 kB/s)
Progress (2): 384/436 kB | 119/168 kBProgress (2): 389/436 kB | 119/168 kBProgress (2): 389/436 kB | 123/168 kBProgress (2): 393/436 kB | 123/168 kBProgress (2): 393/436 kB | 127/168 kBProgress (2): 393/436 kB | 131/168 kBProgress (2): 397/436 kB | 131/168 kBProgress (2): 397/436 kB | 135/168 kBProgress (2): 401/436 kB | 135/168 kBProgress (2): 401/436 kB | 139/168 kBProgress (2): 405/436 kB | 139/168 kBProgress (2): 405/436 kB | 143/168 kBProgress (2): 405/436 kB | 147/168 kBProgress (2): 409/436 kB | 147/168 kBProgress (2): 409/436 kB | 152/168 kBProgress (2): 413/436 kB | 152/168 kBProgress (2): 413/436 kB | 156/168 kBProgress (2): 417/436 kB | 156/168 kBProgress (2): 417/436 kB | 160/168 kBProgress (2): 421/436 kB | 160/168 kBProgress (2): 421/436 kB | 164/168 kBProgress (2): 421/436 kB | 168 kB    Progress (2): 425/436 kB | 168 kBProgress (2): 430/436 kB | 168 kBProgress (2): 434/436 kB | 168 kBProgress (2): 436 kB | 168 kB                                 Downloaded from central: https://repo.maven.apache.org/maven2/org/sonatype/spice/zapper/spice-zapper/1.2/spice-zapper-1.2.jar (168 kB at 207 kB/s)
Downloaded from central: https://repo.maven.apache.org/maven2/org/apache/httpcomponents/httpclient/4.2.6/httpclient-4.2.6.jar (436 kB at 536 kB/s)
Progress (1): 4.1/19 kBProgress (1): 8.2/19 kBProgress (1): 12/19 kB Progress (1): 16/19 kBProgress (1): 19 kB                      Downloaded from central: https://repo.maven.apache.org/maven2/org/sonatype/sisu/sisu-charger/1.1/sisu-charger-1.1.jar (19 kB at 20 kB/s)
Downloading from central: https://repo.maven.apache.org/maven2/org/sonatype/plugins/nexus-staging-maven-plugin/1.6.3/nexus-staging-maven-plugin-1.6.3.pom
Progress (1): 4.1/12 kBProgress (1): 8.2/12 kBProgress (1): 12 kB                       Downloaded from central: https://repo.maven.apache.org/maven2/org/sonatype/plugins/nexus-staging-maven-plugin/1.6.3/nexus-staging-maven-plugin-1.6.3.pom (12 kB at 75 kB/s)
Downloading from central: https://repo.maven.apache.org/maven2/org/sonatype/nexus/maven/nexus-staging/1.6.3/nexus-staging-1.6.3.pom
Progress (1): 2.9 kB                    Downloaded from central: https://repo.maven.apache.org/maven2/org/sonatype/nexus/maven/nexus-staging/1.6.3/nexus-staging-1.6.3.pom (2.9 kB at 21 kB/s)
Downloading from central: https://repo.maven.apache.org/maven2/org/sonatype/nexus/maven/nexus-maven-plugins/1.6.3/nexus-maven-plugins-1.6.3.pom
Progress (1): 4.1/17 kBProgress (1): 8.2/17 kBProgress (1): 12/17 kB Progress (1): 16/17 kBProgress (1): 17 kB                      Downloaded from central: https://repo.maven.apache.org/maven2/org/sonatype/nexus/maven/nexus-maven-plugins/1.6.3/nexus-maven-plugins-1.6.3.pom (17 kB at 97 kB/s)
Downloading from central: https://repo.maven.apache.org/maven2/org/sonatype/nexus/maven/nexus-common/1.6.3/nexus-common-1.6.3.pom
Progress (1): 2.2 kB                    Downloaded from central: https://repo.maven.apache.org/maven2/org/sonatype/nexus/maven/nexus-common/1.6.3/nexus-common-1.6.3.pom (2.2 kB at 15 kB/s)
Downloading from central: https://repo.maven.apache.org/maven2/org/sonatype/plugins/nexus-staging-maven-plugin/1.6.3/nexus-staging-maven-plugin-1.6.3.jar
Downloading from central: https://repo.maven.apache.org/maven2/org/sonatype/nexus/maven/nexus-common/1.6.3/nexus-common-1.6.3.jar
Progress (1): 4.1/16 kBProgress (1): 8.2/16 kBProgress (1): 12/16 kB Progress (1): 16/16 kBProgress (1): 16 kB   Progress (2): 16 kB | 4.1/248 kBProgress (2): 16 kB | 8.2/248 kBProgress (2): 16 kB | 12/248 kB Progress (2): 16 kB | 16/248 kBProgress (2): 16 kB | 20/248 kBProgress (2): 16 kB | 24/248 kBProgress (2): 16 kB | 28/248 kBProgress (2): 16 kB | 32/248 kBProgress (2): 16 kB | 36/248 kBProgress (2): 16 kB | 40/248 kBProgress (2): 16 kB | 45/248 kBProgress (2): 16 kB | 49/248 kBProgress (2): 16 kB | 53/248 kBProgress (2): 16 kB | 57/248 kBProgress (2): 16 kB | 61/248 kBProgress (2): 16 kB | 65/248 kBProgress (2): 16 kB | 69/248 kB                               Downloaded from central: https://repo.maven.apache.org/maven2/org/sonatype/nexus/maven/nexus-common/1.6.3/nexus-common-1.6.3.jar (16 kB at 84 kB/s)
Progress (1): 73/248 kBProgress (1): 77/248 kBProgress (1): 81/248 kBProgress (1): 85/248 kBProgress (1): 90/248 kBProgress (1): 94/248 kBProgress (1): 98/248 kBProgress (1): 102/248 kBProgress (1): 106/248 kBProgress (1): 110/248 kBProgress (1): 114/248 kBProgress (1): 118/248 kBProgress (1): 122/248 kBProgress (1): 126/248 kBProgress (1): 131/248 kBProgress (1): 135/248 kBProgress (1): 139/248 kBProgress (1): 143/248 kBProgress (1): 147/248 kBProgress (1): 151/248 kBProgress (1): 155/248 kBProgress (1): 159/248 kBProgress (1): 163/248 kBProgress (1): 167/248 kBProgress (1): 171/248 kBProgress (1): 176/248 kBProgress (1): 180/248 kBProgress (1): 184/248 kBProgress (1): 188/248 kBProgress (1): 192/248 kBProgress (1): 196/248 kBProgress (1): 200/248 kBProgress (1): 204/248 kBProgress (1): 208/248 kBProgress (1): 212/248 kBProgress (1): 217/248 kBProgress (1): 221/248 kBProgress (1): 225/248 kBProgress (1): 229/248 kBProgress (1): 233/248 kBProgress (1): 237/248 kBProgress (1): 241/248 kBProgress (1): 245/248 kBProgress (1): 248 kB                        Downloaded from central: https://repo.maven.apache.org/maven2/org/sonatype/plugins/nexus-staging-maven-plugin/1.6.3/nexus-staging-maven-plugin-1.6.3.jar (248 kB at 775 kB/s)
[INFO] Building jar: /opt/coding/starrocks-udf/target/udf-1.0-SNAPSHOT-jar-with-dependencies.jar
[INFO] ------------------------------------------------------------------------
[INFO] BUILD SUCCESS
[INFO] ------------------------------------------------------------------------
[INFO] Total time:  56.524 s
[INFO] Finished at: 2023-07-08T10:27:22Z
[INFO] ------------------------------------------------------------------------
